 tests

 Timestamp is 5efbcdba (Tue Jun 30 17:41:46 2020)

 Preferred load address is 0000000140000000

 Start         Length     Name                   Class
 0001:00000000 00000050H .text$di                CODE
 0001:00000050 000177a0H .text$mn                CODE
 0001:000177f0 00000020H .text$mn$00             CODE
 0001:00017810 00000330H .text$x                 CODE
 0002:00000000 00000270H .idata$5                DATA
 0002:00000270 00000028H .00cfg                  DATA
 0002:00000298 00000008H .CRT$XCA                DATA
 0002:000002a0 00000008H .CRT$XCAA               DATA
 0002:000002a8 00000008H .CRT$XCU                DATA
 0002:000002b0 00000008H .CRT$XCZ                DATA
 0002:000002b8 00000008H .CRT$XIA                DATA
 0002:000002c0 00000008H .CRT$XIAA               DATA
 0002:000002c8 00000008H .CRT$XIAC               DATA
 0002:000002d0 00000018H .CRT$XIC                DATA
 0002:000002e8 00000008H .CRT$XIZ                DATA
 0002:000002f0 00000008H .CRT$XPA                DATA
 0002:000002f8 00000010H .CRT$XPX                DATA
 0002:00000308 00000008H .CRT$XPXA               DATA
 0002:00000310 00000008H .CRT$XPZ                DATA
 0002:00000318 00000008H .CRT$XTA                DATA
 0002:00000320 00000010H .CRT$XTZ                DATA
 0002:00000328 00000000H .gfids$y                DATA
 0002:00000330 00008120H .rdata                  DATA
 0002:00008450 00000000H .rdata$r                DATA
 0002:00008450 00000328H .rdata$zzzdbg           DATA
 0002:00008778 00000008H .rtc$IAA                DATA
 0002:00008780 00000008H .rtc$IZZ                DATA
 0002:00008788 00000008H .rtc$TAA                DATA
 0002:00008790 00000008H .rtc$TZZ                DATA
 0002:00008798 00001118H .xdata                  DATA
 0002:000098a8 00000000H .xdata$x                DATA
 0002:000098b0 000000f8H .edata                  DATA
 0002:000099a8 00000014H .idata$2                DATA
 0002:000099bc 00000014H .idata$3                DATA
 0002:000099d0 00000270H .idata$4                DATA
 0002:00009c40 000005a4H .idata$6                DATA
 0003:00000000 00000a80H .data                   DATA
 0003:00000a80 00000000H .data$r                 DATA
 0003:00000a80 00001208H .bss                    DATA
 0004:00000000 000013d4H .pdata                  DATA
 0005:00000000 00000094H _RDATA                  DATA

  Address         Publics by Value              Rva+Base               Lib:Object

 0000:00000000       __hybrid_code_map_count    0000000000000000     <absolute>
 0000:00000000       __hybrid_code_map          0000000000000000     <absolute>
 0000:00000000       __guard_iat_count          0000000000000000     <absolute>
 0000:00000000       __guard_eh_cont_count      0000000000000000     <absolute>
 0000:00000000       __guard_longjmp_count      0000000000000000     <absolute>
 0000:00000000       __volatile_metadata        0000000000000000     <absolute>
 0000:00000000       __guard_longjmp_table      0000000000000000     <absolute>
 0000:00000000       __guard_iat_table          0000000000000000     <absolute>
 0000:00000000       __guard_fids_count         0000000000000000     <absolute>
 0000:00000000       __guard_eh_cont_table      0000000000000000     <absolute>
 0000:00000000       ___safe_se_handler_count   0000000000000000     <absolute>
 0000:00000000       __enclave_config           0000000000000000     <absolute>
 0000:00000000       __dynamic_value_reloc_table 0000000000000000     <absolute>
 0000:00000000       __AbsoluteZero             0000000000000000     <absolute>
 0000:00000000       ___safe_se_handler_table   0000000000000000     <absolute>
 0000:00000000       __guard_fids_table         0000000000000000     <absolute>
 0000:00000000       __hybrid_auxiliary_iat     0000000000000000     <absolute>
 0000:00000100       __guard_flags              0000000000000100     <absolute>
 0000:00000000       __ImageBase                0000000140000000     <linker-defined>
 0001:00000050       ?ReadEntireFileIntoMemory@@YA?AUstring@@PEAD@Z 0000000140001050 f   tests.obj
 0001:00000120       ?ListContents@@YAXPEBD@Z   0000000140001120 f   tests.obj
 0001:000002e0       main                       00000001400012e0 f   tests.obj
 0001:000005e0       ?StringLength@@YAHPEAD@Z   00000001400015e0 f i tests.obj
 0001:00000630       ?StringsMatch@@YA_NPEAD0@Z 0000000140001630 f i tests.obj
 0001:000006b0       ?Substring@@YAPEADPEAD0@Z  00000001400016b0 f i tests.obj
 0001:00000750       ?make_string@@YA?AUstring@@PEAD@Z 0000000140001750 f i tests.obj
 0001:000007b0       __local_stdio_printf_options 00000001400017b0 f i tests.obj
 0001:000007c0       _vfprintf_l                00000001400017c0 f i tests.obj
 0001:00000810       _vsnprintf_l               0000000140001810 f i tests.obj
 0001:00000890       _vsprintf_l                0000000140001890 f i tests.obj
 0001:000008e0       printf                     00000001400018e0 f i tests.obj
 0001:00000940       sprintf                    0000000140001940 f i tests.obj
 0001:00000bf0       mainCRTStartup             0000000140001bf0 f   libcmt:exe_main.obj
 0001:00000c04       __scrt_acquire_startup_lock 0000000140001c04 f   libcmt:utility.obj
 0001:00000c40       __scrt_initialize_crt      0000000140001c40 f   libcmt:utility.obj
 0001:00000c8c       __scrt_initialize_onexit_tables 0000000140001c8c f   libcmt:utility.obj
 0001:00000d18       __scrt_is_nonwritable_in_current_image 0000000140001d18 f   libcmt:utility.obj
 0001:00000db0       __scrt_release_startup_lock 0000000140001db0 f   libcmt:utility.obj
 0001:00000dd4       __scrt_uninitialize_crt    0000000140001dd4 f   libcmt:utility.obj
 0001:00000e00       _onexit                    0000000140001e00 f   libcmt:utility.obj
 0001:00000e3c       atexit                     0000000140001e3c f   libcmt:utility.obj
 0001:00000e54       __security_init_cookie     0000000140001e54 f   libcmt:gs_support.obj
 0001:00000f00       __scrt_stub_for_initialize_mta 0000000140001f00 f   libcmt:utility_desktop.obj
 0001:00000f00       _get_startup_thread_locale_mode 0000000140001f00 f   libcmt:thread_locale.obj
 0001:00000f00       __scrt_exe_initialize_mta  0000000140001f00 f   libcmt:utility_desktop.obj
 0001:00000f00       _matherr                   0000000140001f00 f   libcmt:matherr.obj
 0001:00000f00       _get_startup_new_mode      0000000140001f00 f   libcmt:new_mode.obj
 0001:00000f00       __scrt_initialize_winrt    0000000140001f00 f   libcmt:utility_desktop.obj
 0001:00000f00       _get_startup_commit_mode   0000000140001f00 f   libcmt:commit_mode.obj
 0001:00000f04       _get_startup_argv_mode     0000000140001f04 f   libcmt:argv_mode.obj
 0001:00000f0c       _get_startup_file_mode     0000000140001f0c f   libcmt:file_mode.obj
 0001:00000f14       ?__scrt_initialize_type_info@@YAXXZ 0000000140001f14 f   libcmt:tncleanup.obj
 0001:00000f24       _should_initialize_environment 0000000140001f24 f   libcmt:env_mode.obj
 0001:00000f24       __acrt_uninitialize_command_line 0000000140001f24 f   libucrt:argv_data.obj
 0001:00000f28       _initialize_invalid_parameter_handler 0000000140001f28 f   libcmt:invalid_parameter_handler.obj
 0001:00000f28       _guard_check_icall_nop     0000000140001f28 f   libcmt:guard_support.obj
 0001:00000f28       _initialize_denormal_control 0000000140001f28 f   libcmt:denormal_control.obj
 0001:00000f2c       __local_stdio_scanf_options 0000000140001f2c f i libcmt:default_local_stdio_options.obj
 0001:00000f34       __scrt_initialize_default_local_stdio_options 0000000140001f34 f   libcmt:default_local_stdio_options.obj
 0001:00000f50       __scrt_is_user_matherr_present 0000000140001f50 f   libcmt:matherr_detection.obj
 0001:00000f5c       __scrt_get_dyn_tls_init_callback 0000000140001f5c f   libcmt:dyn_tls_init.obj
 0001:00000f64       __scrt_get_dyn_tls_dtor_callback 0000000140001f64 f   libcmt:dyn_tls_dtor.obj
 0001:00000f6c       __crt_debugger_hook        0000000140001f6c f   libcmt:utility_desktop.obj
 0001:00000f74       __scrt_fastfail            0000000140001f74 f   libcmt:utility_desktop.obj
 0001:000010c0       __scrt_initialize_mta      00000001400020c0 f   libcmt:utility_desktop.obj
 0001:000010c8       __scrt_is_managed_app      00000001400020c8 f   libcmt:utility_desktop.obj
 0001:0000111c       __scrt_set_unhandled_exception_filter 000000014000211c f   libcmt:utility_desktop.obj
 0001:0000112c       __scrt_unhandled_exception_filter 000000014000212c f   libcmt:utility_desktop.obj
 0001:00001188       _RTC_Initialize            0000000140002188 f   libcmt:initsect.obj
 0001:000011c4       _RTC_Terminate             00000001400021c4 f   libcmt:initsect.obj
 0001:00001200       __isa_available_init       0000000140002200 f   libcmt:cpu_disp.obj
 0001:000013a4       __scrt_is_ucrt_dll_in_use  00000001400023a4 f   libcmt:ucrt_detection.obj
 0001:000013b0       __C_specific_handler       00000001400023b0 f   libvcruntime:riscchandler.obj
 0001:000015bc       __vcrt_initialize          00000001400025bc f   libvcruntime:initialization.obj
 0001:000015e4       __vcrt_uninitialize        00000001400025e4 f   libvcruntime:initialization.obj
 0001:00001600       __DestructExceptionObject  0000000140002600 f   libvcruntime:ehhelpers.obj
 0001:00001670       ?_CallMemberFunction0@@YAXQEAX0@Z 0000000140002670 f i libvcruntime:ehhelpers.obj
 0001:00001674       __current_exception        0000000140002674 f   libvcruntime:ehhelpers.obj
 0001:00001688       __current_exception_context 0000000140002688 f   libvcruntime:ehhelpers.obj
 0001:000016b0       memset_repmovs             00000001400026b0 f   libvcruntime:memset.obj
 0001:000016d0       memset                     00000001400026d0 f   libvcruntime:memset.obj
 0001:00001870       _NLG_Notify                0000000140002870 f   libvcruntime:notify.obj
 0001:00001890       __NLG_Dispatch2            0000000140002890 f   libvcruntime:notify.obj
 0001:000018a0       __NLG_Return2              00000001400028a0 f   libvcruntime:notify.obj
 0001:000018a4       __except_validate_context_record 00000001400028a4 f   libvcruntime:jbcxrval.obj
 0001:000018dc       __vcrt_freefls             00000001400028dc f   libvcruntime:per_thread_data.obj
 0001:000018fc       __vcrt_getptd              00000001400028fc f   libvcruntime:per_thread_data.obj
 0001:00001918       __vcrt_getptd_noexit       0000000140002918 f   libvcruntime:per_thread_data.obj
 0001:000019d8       __vcrt_initialize_ptd      00000001400029d8 f   libvcruntime:per_thread_data.obj
 0001:00001a20       __vcrt_uninitialize_ptd    0000000140002a20 f   libvcruntime:per_thread_data.obj
 0001:00001a44       __vcrt_initialize_locks    0000000140002a44 f   libvcruntime:locks.obj
 0001:00001a78       __vcrt_uninitialize_locks  0000000140002a78 f   libvcruntime:locks.obj
 0001:00001bfc       __vcrt_FlsAlloc            0000000140002bfc f   libvcruntime:winapi_downlevel.obj
 0001:00001c44       __vcrt_FlsFree             0000000140002c44 f   libvcruntime:winapi_downlevel.obj
 0001:00001c8c       __vcrt_FlsGetValue         0000000140002c8c f   libvcruntime:winapi_downlevel.obj
 0001:00001cd4       __vcrt_FlsSetValue         0000000140002cd4 f   libvcruntime:winapi_downlevel.obj
 0001:00001d28       __vcrt_InitializeCriticalSectionEx 0000000140002d28 f   libvcruntime:winapi_downlevel.obj
 0001:00001da0       memcpy_repmovs             0000000140002da0 f   libvcruntime:memcpy.obj
 0001:00001dc0       memmove                    0000000140002dc0 f   libvcruntime:memcpy.obj
 0001:00001dc0       memcpy                     0000000140002dc0 f   libvcruntime:memcpy.obj
 0001:000021b0       _CallSettingFrame          00000001400031b0 f   libvcruntime:handlers.obj
 0001:00002200       _CallSettingFrame_LookupContinuationIndex 0000000140003200 f   libvcruntime:handlers.obj
 0001:00002230       _CallSettingFrame_NotifyContinuationAddr 0000000140003230 f   libvcruntime:handlers.obj
 0001:00002260       _CallSettingFrameEncoded   0000000140003260 f   libvcruntime:handlers.obj
 0001:000022a8       ??$__acrt_get_full_path_name_narrow_acp_or_utf8@U__crt_win32_buffer_no_resizing@@@@YAHQEBDAEAV?$__crt_win32_buffer@DU__crt_win32_buffer_no_resizing@@@@@Z 00000001400032a8 f i libucrt:getcwd.obj
 0001:00002420       ??$__acrt_get_full_path_name_narrow_acp_or_utf8@U__crt_win32_buffer_public_dynamic_resizing@@@@YAHQEBDAEAV?$__crt_win32_buffer@DU__crt_win32_buffer_public_dynamic_resizing@@@@@Z 0000000140003420 f i libucrt:getcwd.obj
 0001:00002598       ??$__acrt_get_full_path_name_wide@U__crt_win32_buffer_internal_dynamic_resizing@@@@YAHQEB_WAEAV?$__crt_win32_buffer@_WU__crt_win32_buffer_internal_dynamic_resizing@@@@@Z 0000000140003598 f i libucrt:getcwd.obj
 0001:0000267c       ??$__acrt_mbs_to_wcs_cp@U__crt_win32_buffer_internal_dynamic_resizing@@@@YAHQEBDAEAV?$__crt_win32_buffer@_WU__crt_win32_buffer_internal_dynamic_resizing@@@@I@Z 000000014000367c f i libucrt:getcwd.obj
 0001:000027f4       ??$__acrt_wcs_to_mbs_cp@U__crt_win32_buffer_no_resizing@@@@YAHQEB_WAEAV?$__crt_win32_buffer@DU__crt_win32_buffer_no_resizing@@@@I@Z 00000001400037f4 f i libucrt:getcwd.obj
 0001:00002908       ??$__acrt_wcs_to_mbs_cp@U__crt_win32_buffer_public_dynamic_resizing@@@@YAHQEB_WAEAV?$__crt_win32_buffer@DU__crt_win32_buffer_public_dynamic_resizing@@@@I@Z 0000000140003908 f i libucrt:getcwd.obj
 0001:00002bec       ??0_LocaleUpdate@@QEAA@QEAU__crt_locale_pointers@@@Z 0000000140003bec f i libucrt:getcwd.obj
 0001:00002c88       ?detach@?$__crt_win32_buffer@DU__crt_win32_buffer_public_dynamic_resizing@@@@QEAAPEADXZ 0000000140003c88 f i libucrt:getcwd.obj
 0001:00002dec       _getcwd                    0000000140003dec f   libucrt:getcwd.obj
 0001:00002e14       __acrt_initialize_stdio    0000000140003e14 f   libucrt:_file.obj
 0001:00002f34       __acrt_iob_func            0000000140003f34 f   libucrt:_file.obj
 0001:00002f48       __acrt_uninitialize_stdio  0000000140003f48 f   libucrt:_file.obj
 0001:00002fa4       _lock_file                 0000000140003fa4 f   libucrt:_file.obj
 0001:00002fb0       _unlock_file               0000000140003fb0 f   libucrt:_file.obj
 0001:00002fbc       _fclose_nolock             0000000140003fbc f   libucrt:fclose.obj
 0001:00003040       fclose                     0000000140004040 f   libucrt:fclose.obj
 0001:00003160       fopen                      0000000140004160 f   libucrt:fopen.obj
 0001:0000316c       _fread_nolock_s            000000014000416c f   libucrt:fread.obj
 0001:000033fc       fread                      00000001400043fc f   libucrt:fread.obj
 0001:0000341c       fread_s                    000000014000441c f   libucrt:fread.obj
 0001:000036cc       fseek                      00000001400046cc f   libucrt:fseek.obj
 0001:00003bc0       _ftelli64_nolock           0000000140004bc0 f   libucrt:ftell.obj
 0001:00003bc8       ftell                      0000000140004bc8 f   libucrt:ftell.obj
 0001:00003ddc       ??$ensure_buffer_is_big_enough@D@formatting_buffer@__crt_stdio_output@@QEAA_N_K@Z 0000000140004ddc f i libucrt:output.obj
 0001:00003e84       ??$type_case_integer_parse_into_buffer@I@?$output_processor@DV?$stream_output_adapter@D@__crt_stdio_output@@V?$standard_base@DV?$stream_output_adapter@D@__crt_stdio_output@@@2@@__crt_stdio_output@@AEAAXII_N@Z 0000000140004e84 f i libucrt:output.obj
 0001:00003e84       ??$type_case_integer_parse_into_buffer@I@?$output_processor@DV?$string_output_adapter@D@__crt_stdio_output@@V?$standard_base@DV?$string_output_adapter@D@__crt_stdio_output@@@2@@__crt_stdio_output@@AEAAXII_N@Z 0000000140004e84 f i libucrt:output.obj
 0001:00003f0c       ??$type_case_integer_parse_into_buffer@_K@?$output_processor@DV?$stream_output_adapter@D@__crt_stdio_output@@V?$standard_base@DV?$stream_output_adapter@D@__crt_stdio_output@@@2@@__crt_stdio_output@@AEAAX_KI_N@Z 0000000140004f0c f i libucrt:output.obj
 0001:00003f0c       ??$type_case_integer_parse_into_buffer@_K@?$output_processor@DV?$string_output_adapter@D@__crt_stdio_output@@V?$standard_base@DV?$string_output_adapter@D@__crt_stdio_output@@@2@@__crt_stdio_output@@AEAAX_KI_N@Z 0000000140004f0c f i libucrt:output.obj
 0001:00003f9c       ??$write_multiple_characters@V?$stream_output_adapter@D@__crt_stdio_output@@D@__crt_stdio_output@@YAXAEBV?$stream_output_adapter@D@0@DHQEAH@Z 0000000140004f9c f i libucrt:output.obj
 0001:00004028       ??$write_multiple_characters@V?$string_output_adapter@D@__crt_stdio_output@@D@__crt_stdio_output@@YAXAEBV?$string_output_adapter@D@0@DHQEAH@Z 0000000140005028 f i libucrt:output.obj
 0001:000041d0       ?crop_zeroes@__crt_stdio_output@@YAXPEADQEAU__crt_locale_pointers@@@Z 00000001400051d0 f i libucrt:output.obj
 0001:0000423c       ?parse_int_from_format_string@?$output_processor@DV?$stream_output_adapter@D@__crt_stdio_output@@V?$standard_base@DV?$stream_output_adapter@D@__crt_stdio_output@@@2@@__crt_stdio_output@@AEAA_NQEAH@Z 000000014000523c f i libucrt:output.obj
 0001:0000423c       ?parse_int_from_format_string@?$output_processor@DV?$string_output_adapter@D@__crt_stdio_output@@V?$standard_base@DV?$string_output_adapter@D@__crt_stdio_output@@@2@@__crt_stdio_output@@AEAA_NQEAH@Z 000000014000523c f i libucrt:output.obj
 0001:000042e0       ?process@?$output_processor@DV?$stream_output_adapter@D@__crt_stdio_output@@V?$standard_base@DV?$stream_output_adapter@D@__crt_stdio_output@@@2@@__crt_stdio_output@@QEAAHXZ 00000001400052e0 f i libucrt:output.obj
 0001:000044f8       ?process@?$output_processor@DV?$string_output_adapter@D@__crt_stdio_output@@V?$standard_base@DV?$string_output_adapter@D@__crt_stdio_output@@@2@@__crt_stdio_output@@QEAAHXZ 00000001400054f8 f i libucrt:output.obj
 0001:00004704       ?state_case_normal@?$output_processor@DV?$stream_output_adapter@D@__crt_stdio_output@@V?$standard_base@DV?$stream_output_adapter@D@__crt_stdio_output@@@2@@__crt_stdio_output@@AEAA_NXZ 0000000140005704 f i libucrt:output.obj
 0001:00004774       ?state_case_normal@?$output_processor@DV?$string_output_adapter@D@__crt_stdio_output@@V?$standard_base@DV?$string_output_adapter@D@__crt_stdio_output@@@2@@__crt_stdio_output@@AEAA_NXZ 0000000140005774 f i libucrt:output.obj
 0001:000047e8       ?state_case_normal_tchar@?$output_processor@DV?$stream_output_adapter@D@__crt_stdio_output@@V?$standard_base@DV?$stream_output_adapter@D@__crt_stdio_output@@@2@@__crt_stdio_output@@AEAA_ND@Z 00000001400057e8 f i libucrt:output.obj
 0001:0000488c       ?state_case_normal_tchar@?$output_processor@DV?$string_output_adapter@D@__crt_stdio_output@@V?$standard_base@DV?$string_output_adapter@D@__crt_stdio_output@@@2@@__crt_stdio_output@@AEAA_ND@Z 000000014000588c f i libucrt:output.obj
 0001:00004934       ?state_case_size@?$output_processor@DV?$stream_output_adapter@D@__crt_stdio_output@@V?$standard_base@DV?$stream_output_adapter@D@__crt_stdio_output@@@2@@__crt_stdio_output@@AEAA_NXZ 0000000140005934 f i libucrt:output.obj
 0001:00004aa8       ?state_case_size@?$output_processor@DV?$string_output_adapter@D@__crt_stdio_output@@V?$standard_base@DV?$string_output_adapter@D@__crt_stdio_output@@@2@@__crt_stdio_output@@AEAA_NXZ 0000000140005aa8 f i libucrt:output.obj
 0001:00004c1c       ?state_case_type@?$output_processor@DV?$stream_output_adapter@D@__crt_stdio_output@@V?$standard_base@DV?$stream_output_adapter@D@__crt_stdio_output@@@2@@__crt_stdio_output@@AEAA_NXZ 0000000140005c1c f i libucrt:output.obj
 0001:00004ea0       ?state_case_type@?$output_processor@DV?$string_output_adapter@D@__crt_stdio_output@@V?$standard_base@DV?$string_output_adapter@D@__crt_stdio_output@@@2@@__crt_stdio_output@@AEAA_NXZ 0000000140005ea0 f i libucrt:output.obj
 0001:00005108       ?type_case_Z@?$output_processor@DV?$stream_output_adapter@D@__crt_stdio_output@@V?$standard_base@DV?$stream_output_adapter@D@__crt_stdio_output@@@2@@__crt_stdio_output@@AEAA_NXZ 0000000140006108 f i libucrt:output.obj
 0001:00005108       ?type_case_Z@?$output_processor@DV?$string_output_adapter@D@__crt_stdio_output@@V?$standard_base@DV?$string_output_adapter@D@__crt_stdio_output@@@2@@__crt_stdio_output@@AEAA_NXZ 0000000140006108 f i libucrt:output.obj
 0001:0000517c       ?type_case_a@?$output_processor@DV?$string_output_adapter@D@__crt_stdio_output@@V?$standard_base@DV?$string_output_adapter@D@__crt_stdio_output@@@2@@__crt_stdio_output@@AEAA_NXZ 000000014000617c f i libucrt:output.obj
 0001:0000517c       ?type_case_a@?$output_processor@DV?$stream_output_adapter@D@__crt_stdio_output@@V?$standard_base@DV?$stream_output_adapter@D@__crt_stdio_output@@@2@@__crt_stdio_output@@AEAA_NXZ 000000014000617c f i libucrt:output.obj
 0001:00005394       ?type_case_c_tchar@?$output_processor@DV?$string_output_adapter@D@__crt_stdio_output@@V?$standard_base@DV?$string_output_adapter@D@__crt_stdio_output@@@2@@__crt_stdio_output@@AEAA_ND@Z 0000000140006394 f i libucrt:output.obj
 0001:00005394       ?type_case_c_tchar@?$output_processor@DV?$stream_output_adapter@D@__crt_stdio_output@@V?$standard_base@DV?$stream_output_adapter@D@__crt_stdio_output@@@2@@__crt_stdio_output@@AEAA_ND@Z 0000000140006394 f i libucrt:output.obj
 0001:00005450       ?type_case_integer@?$output_processor@DV?$string_output_adapter@D@__crt_stdio_output@@V?$standard_base@DV?$string_output_adapter@D@__crt_stdio_output@@@2@@__crt_stdio_output@@AEAA_NI_N@Z 0000000140006450 f i libucrt:output.obj
 0001:00005450       ?type_case_integer@?$output_processor@DV?$stream_output_adapter@D@__crt_stdio_output@@V?$standard_base@DV?$stream_output_adapter@D@__crt_stdio_output@@@2@@__crt_stdio_output@@AEAA_NI_N@Z 0000000140006450 f i libucrt:output.obj
 0001:00005618       ?type_case_n@?$output_processor@DV?$stream_output_adapter@D@__crt_stdio_output@@V?$standard_base@DV?$stream_output_adapter@D@__crt_stdio_output@@@2@@__crt_stdio_output@@AEAA_NXZ 0000000140006618 f i libucrt:output.obj
 0001:00005618       ?type_case_n@?$output_processor@DV?$string_output_adapter@D@__crt_stdio_output@@V?$standard_base@DV?$string_output_adapter@D@__crt_stdio_output@@@2@@__crt_stdio_output@@AEAA_NXZ 0000000140006618 f i libucrt:output.obj
 0001:000056f4       ?type_case_s@?$output_processor@DV?$string_output_adapter@D@__crt_stdio_output@@V?$standard_base@DV?$string_output_adapter@D@__crt_stdio_output@@@2@@__crt_stdio_output@@AEAA_NXZ 00000001400066f4 f i libucrt:output.obj
 0001:000056f4       ?type_case_s@?$output_processor@DV?$stream_output_adapter@D@__crt_stdio_output@@V?$standard_base@DV?$stream_output_adapter@D@__crt_stdio_output@@@2@@__crt_stdio_output@@AEAA_NXZ 00000001400066f4 f i libucrt:output.obj
 0001:0000578c       ?validate_stream_is_ansi_if_required@?$__acrt_stdio_char_traits@D@@SA_NQEAU_iobuf@@@Z 000000014000678c f i libucrt:output.obj
 0001:00005828       ?write_stored_string_tchar@?$output_processor@DV?$stream_output_adapter@D@__crt_stdio_output@@V?$standard_base@DV?$stream_output_adapter@D@__crt_stdio_output@@@2@@__crt_stdio_output@@AEAA_ND@Z 0000000140006828 f i libucrt:output.obj
 0001:0000594c       ?write_stored_string_tchar@?$output_processor@DV?$string_output_adapter@D@__crt_stdio_output@@V?$standard_base@DV?$string_output_adapter@D@__crt_stdio_output@@@2@@__crt_stdio_output@@AEAA_ND@Z 000000014000694c f i libucrt:output.obj
 0001:00005a24       ?write_string@?$string_output_adapter@D@__crt_stdio_output@@QEBAXQEBDHQEAHAEAV__crt_deferred_errno_cache@@@Z 0000000140006a24 f i libucrt:output.obj
 0001:00005ac8       ?write_string_impl@?$output_adapter_common@DV?$stream_output_adapter@D@__crt_stdio_output@@@__crt_stdio_output@@IEBAXQEBDHQEAHAEAV__crt_deferred_errno_cache@@@Z 0000000140006ac8 f i libucrt:output.obj
 0001:00005bc0       __stdio_common_vfprintf    0000000140006bc0 f   libucrt:output.obj
 0001:00005c4c       __stdio_common_vsprintf    0000000140006c4c f   libucrt:output.obj
 0001:00005c54       malloc                     0000000140006c54 f   libucrt:malloc.obj
 0001:00005c5c       _seh_filter_exe            0000000140006c5c f   libucrt:exception_filter.obj
 0001:00005de0       _query_app_type            0000000140006de0 f   libucrt:report_runtime_error.obj
 0001:00005de8       _set_app_type              0000000140006de8 f   libucrt:report_runtime_error.obj
 0001:00005df0       __acrt_has_user_matherr    0000000140006df0 f   libucrt:matherr.obj
 0001:00005e10       __acrt_initialize_user_matherr 0000000140006e10 f   libucrt:matherr.obj
 0001:00005e18       __acrt_invoke_user_matherr 0000000140006e18 f   libucrt:matherr.obj
 0001:00005e48       __setusermatherr           0000000140006e48 f   libucrt:matherr.obj
 0001:00006034       __acrt_allocate_buffer_for_argv 0000000140007034 f   libucrt:argv_parsing.obj
 0001:00006094       _configure_narrow_argv     0000000140007094 f   libucrt:argv_parsing.obj
 0001:000064e0       __dcrt_get_or_create_narrow_environment_nolock 00000001400074e0 f   libucrt:environment_initialization.obj
 0001:0000651c       __dcrt_uninitialize_environments_nolock 000000014000751c f   libucrt:environment_initialization.obj
 0001:00006554       _get_initial_narrow_environment 0000000140007554 f   libucrt:environment_initialization.obj
 0001:000065a4       _initialize_narrow_environment 00000001400075a4 f   libucrt:environment_initialization.obj
 0001:000065ac       _initterm                  00000001400075ac f   libucrt:initterm.obj
 0001:00006610       _initterm_e                0000000140007610 f   libucrt:initterm.obj
 0001:000068bc       __acrt_initialize_thread_local_exit_callback 00000001400078bc f   libucrt:exit.obj
 0001:000068c4       _c_exit                    00000001400078c4 f   libucrt:exit.obj
 0001:000068d4       _cexit                     00000001400078d4 f   libucrt:exit.obj
 0001:000068e4       _exit                      00000001400078e4 f   libucrt:exit.obj
 0001:000068f0       _register_thread_local_exe_atexit_callback 00000001400078f0 f   libucrt:exit.obj
 0001:0000692c       exit                       000000014000792c f   libucrt:exit.obj
 0001:00006938       _get_fmode                 0000000140007938 f   libucrt:setmode.obj
 0001:00006968       _set_fmode                 0000000140007968 f   libucrt:setmode.obj
 0001:000069a8       _setmode_nolock            00000001400079a8 f   libucrt:setmode.obj
 0001:00006a88       __acrt_initialize_command_line 0000000140007a88 f   libucrt:argv_data.obj
 0001:00006ab0       __p___argc                 0000000140007ab0 f   libucrt:argv_data.obj
 0001:00006ab8       __p___argv                 0000000140007ab8 f   libucrt:argv_data.obj
 0001:00006b30       __acrt_set_locale_changed  0000000140007b30 f   libucrt:wsetlocale.obj
 0001:00006b3c       __acrt_uninitialize_locale 0000000140007b3c f   libucrt:wsetlocale.obj
 0001:00006b6c       _configthreadlocale        0000000140007b6c f   libucrt:wsetlocale.obj
 0001:00006bd8       _query_new_mode            0000000140007bd8 f   libucrt:new_mode.obj
 0001:00006be0       _set_new_mode              0000000140007be0 f   libucrt:new_mode.obj
 0001:00006c0c       __p__commode               0000000140007c0c f   libucrt:ncommode.obj
 0001:00006f54       _crt_atexit                0000000140007f54 f   libucrt:onexit.obj
 0001:00006f64       _execute_onexit_table      0000000140007f64 f   libucrt:onexit.obj
 0001:00006fa0       _initialize_onexit_table   0000000140007fa0 f   libucrt:onexit.obj
 0001:00006fc8       _register_onexit_function  0000000140007fc8 f   libucrt:onexit.obj
 0001:0000713c       __acrt_initialize          000000014000813c f   libucrt:initialization.obj
 0001:00007150       __acrt_uninitialize        0000000140008150 f   libucrt:initialization.obj
 0001:00007188       terminate                  0000000140008188 f   libucrt:terminate.obj
 0001:000071a8       free                       00000001400081a8 f   libucrt:free.obj
 0001:000071bc       strcpy_s                   00000001400081bc f   libucrt:strcpy_s.obj
 0001:0000721c       abort                      000000014000821c f   libucrt:abort.obj
 0001:00007274       calloc                     0000000140008274 f   libucrt:calloc.obj
 0001:0000727c       ??$parse_integer@KV?$c_string_character_source@D@__crt_strtox@@@__crt_strtox@@YAKQEAU__crt_locale_pointers@@V?$c_string_character_source@D@0@H_N@Z 000000014000827c f i libucrt:atox.obj
 0001:00007584       _ischartype_l              0000000140008584 f i libucrt:atox.obj
 0001:00007610       strncmp                    0000000140008610 f   libucrt:strncmp.obj
 0001:00007690       wcsncmp                    0000000140008690 f   libucrt:wcsncmp.obj
 0001:000076bc       __acrt_call_reportfault    00000001400086bc f   libucrt:invalid_parameter.obj
 0001:00007818       __acrt_initialize_invalid_parameter_handler 0000000140008818 f   libucrt:invalid_parameter.obj
 0001:00007820       _invalid_parameter         0000000140008820 f   libucrt:invalid_parameter.obj
 0001:000078d0       _invalid_parameter_noinfo  00000001400088d0 f   libucrt:invalid_parameter.obj
 0001:000078f0       _invoke_watson             00000001400088f0 f   libucrt:invalid_parameter.obj
 0001:00007938       __acrt_errno_from_os_error 0000000140008938 f   libucrt:errno.obj
 0001:00007980       __acrt_errno_map_os_error  0000000140008980 f   libucrt:errno.obj
 0001:000079d0       __doserrno                 00000001400089d0 f   libucrt:errno.obj
 0001:000079f0       _errno                     00000001400089f0 f   libucrt:errno.obj
 0001:00007a10       _free_base                 0000000140008a10 f   libucrt:free_base.obj
 0001:00007a50       _malloc_base               0000000140008a50 f   libucrt:malloc_base.obj
 0001:00007ab0       __acrt_MultiByteToWideChar 0000000140008ab0 f   libucrt:multibytetowidechar.obj
 0001:00007b0c       __acrt_WideCharToMultiByte 0000000140008b0c f   libucrt:widechartomultibyte.obj
 0001:00007f1c       __acrt_getptd              0000000140008f1c f   libucrt:per_thread_data.obj
 0001:00007ff0       __acrt_getptd_head         0000000140008ff0 f   libucrt:per_thread_data.obj
 0001:00008098       __acrt_getptd_noexit       0000000140009098 f   libucrt:per_thread_data.obj
 0001:00008164       __acrt_initialize_ptd      0000000140009164 f   libucrt:per_thread_data.obj
 0001:000081a0       __acrt_uninitialize_ptd    00000001400091a0 f   libucrt:per_thread_data.obj
 0001:0000839c       __acrt_AppPolicyGetProcessTerminationMethodInternal 000000014000939c f   libucrt:winapi_thunks.obj
 0001:000083ec       __acrt_AreFileApisANSI     00000001400093ec f   libucrt:winapi_thunks.obj
 0001:00008428       __acrt_CompareStringEx     0000000140009428 f   libucrt:winapi_thunks.obj
 0001:00008504       __acrt_FlsAlloc            0000000140009504 f   libucrt:winapi_thunks.obj
 0001:0000854c       __acrt_FlsFree             000000014000954c f   libucrt:winapi_thunks.obj
 0001:00008594       __acrt_FlsGetValue         0000000140009594 f   libucrt:winapi_thunks.obj
 0001:000085dc       __acrt_FlsSetValue         00000001400095dc f   libucrt:winapi_thunks.obj
 0001:00008630       __acrt_InitializeCriticalSectionEx 0000000140009630 f   libucrt:winapi_thunks.obj
 0001:00008694       __acrt_LCMapStringEx       0000000140009694 f   libucrt:winapi_thunks.obj
 0001:00008770       __acrt_LocaleNameToLCID    0000000140009770 f   libucrt:winapi_thunks.obj
 0001:000087c0       __acrt_initialize_winapi_thunks 00000001400097c0 f   libucrt:winapi_thunks.obj
 0001:000087f4       __acrt_uninitialize_winapi_thunks 00000001400097f4 f   libucrt:winapi_thunks.obj
 0001:00008838       __acrt_update_locale_info  0000000140009838 f   libucrt:locale_update.obj
 0001:0000886c       __acrt_update_multibyte_info 000000014000986c f   libucrt:locale_update.obj
 0001:000088a0       _getdrive                  00000001400098a0 f   libucrt:drive.obj
 0001:00008998       _calloc_base               0000000140009998 f   libucrt:calloc_base.obj
 0001:00008a10       _fcloseall                 0000000140009a10 f   libucrt:closeall.obj
 0001:00008ca0       __acrt_stdio_flush_nolock  0000000140009ca0 f   libucrt:fflush.obj
 0001:00008d1c       _fflush_nolock             0000000140009d1c f   libucrt:fflush.obj
 0001:00008d68       _flushall                  0000000140009d68 f   libucrt:fflush.obj
 0001:00008d70       __acrt_stdio_free_buffer_nolock 0000000140009d70 f   libucrt:_freebuf.obj
 0001:00008fac       __acrt_initialize_lowio    0000000140009fac f   libucrt:ioinit.obj
 0001:00008fe8       __acrt_uninitialize_lowio  0000000140009fe8 f   libucrt:ioinit.obj
 0001:0000909c       _close                     000000014000a09c f   libucrt:close.obj
 0001:00009140       _close_nolock              000000014000a140 f   libucrt:close.obj
 0001:00009200       _fileno                    000000014000a200 f   libucrt:fileno.obj
 0001:00009228       ?__acrt_stdio_allocate_stream@@YA?AV__crt_stdio_stream@@XZ 000000014000a228 f   libucrt:stream.obj
 0001:00009280       ?__acrt_stdio_free_stream@@YAXV__crt_stdio_stream@@@Z 000000014000a280 f   libucrt:stream.obj
 0001:00009388       ??$__acrt_stdio_parse_mode@D@@YA?AU__acrt_stdio_stream_mode@@QEBD@Z 000000014000a388 f i libucrt:openfile.obj
 0001:00009648       _openfile                  000000014000a648 f   libucrt:openfile.obj
 0001:00009cbc       _read                      000000014000acbc f   libucrt:read.obj
 0001:00009dd8       _read_nolock               000000014000add8 f   libucrt:read.obj
 0001:0000a230       __acrt_stdio_refill_and_read_narrow_nolock 000000014000b230 f   libucrt:_filbuf.obj
 0001:0000a528       _lseeki64                  000000014000b528 f   libucrt:lseek.obj
 0001:0000a530       _lseeki64_nolock           000000014000b530 f   libucrt:lseek.obj
 0001:0000a538       strtol                     000000014000b538 f   libucrt:strtox.obj
 0001:0000a564       _mbtowc_l                  000000014000b564 f   libucrt:mbtowc.obj
 0001:0000a6e4       mbtowc                     000000014000b6e4 f   libucrt:mbtowc.obj
 0001:0000a6ec       _wctomb_s_l                000000014000b6ec f   libucrt:wctomb.obj
 0001:0000a888       wctomb_s                   000000014000b888 f   libucrt:wctomb.obj
 0001:0000a89c       strnlen                    000000014000b89c f   libucrt:strnlen.obj
 0001:0000a9ec       wcsnlen                    000000014000b9ec f   libucrt:strnlen.obj
 0001:0000b45c       __acrt_fp_format           000000014000c45c f   libucrt:cvt.obj
 0001:0000b760       _fputc_nolock              000000014000c760 f   libucrt:fputc.obj
 0001:0000b778       _get_printf_count_output   000000014000c778 f   libucrt:printf_count_output.obj
 0001:0000b790       __acrt_stdio_begin_temporary_buffering_nolock 000000014000c790 f   libucrt:_sftbuf.obj
 0001:0000b860       __acrt_stdio_end_temporary_buffering_nolock 000000014000c860 f   libucrt:_sftbuf.obj
 0001:0000b8b0       ??$__acrt_wcs_to_mbs_cp@U__crt_win32_buffer_internal_dynamic_resizing@@@@YAHQEB_WAEAV?$__crt_win32_buffer@DU__crt_win32_buffer_internal_dynamic_resizing@@@@I@Z 000000014000c8b0 f i libucrt:argv_wildcards.obj
 0001:0000c0e0       __acrt_expand_narrow_argv_wildcards 000000014000d0e0 f   libucrt:argv_wildcards.obj
 0001:0000c0e8       __acrt_GetModuleFileNameA  000000014000d0e8 f   libucrt:getmodulefilenamea.obj
 0001:0000c934       __acrt_initialize_multibyte 000000014000d934 f   libucrt:mbctype.obj
 0001:0000c994       __acrt_update_thread_multibyte_data 000000014000d994 f   libucrt:mbctype.obj
 0001:0000c9b0       _setmbcp_nolock            000000014000d9b0 f   libucrt:mbctype.obj
 0001:0000cce4       _ismbblead                 000000014000dce4 f   libucrt:ismbbyte.obj
 0001:0000ccf8       __dcrt_get_narrow_environment_from_os 000000014000dcf8 f   libucrt:get_environment_from_os.obj
 0001:0000d204       __dcrt_set_variable_in_narrow_environment_nolock 000000014000e204 f   libucrt:setenv.obj
 0001:0000d20c       __acrt_initialize_locks    000000014000e20c f   libucrt:locks.obj
 0001:0000d254       __acrt_lock                000000014000e254 f   libucrt:locks.obj
 0001:0000d270       __acrt_uninitialize_locks  000000014000e270 f   libucrt:locks.obj
 0001:0000d2a8       __acrt_unlock              000000014000e2a8 f   libucrt:locks.obj
 0001:0000d2c4       __acrt_get_process_end_policy 000000014000e2c4 f   libucrt:win_policies.obj
 0001:0000d300       __acrt_lowio_create_handle_array 000000014000e300 f   libucrt:osfinfo.obj
 0001:0000d3a8       __acrt_lowio_destroy_handle_array 000000014000e3a8 f   libucrt:osfinfo.obj
 0001:0000d3f8       __acrt_lowio_ensure_fh_exists 000000014000e3f8 f   libucrt:osfinfo.obj
 0001:0000d4a0       __acrt_lowio_lock_fh       000000014000e4a0 f   libucrt:osfinfo.obj
 0001:0000d4c8       __acrt_lowio_set_os_handle 000000014000e4c8 f   libucrt:osfinfo.obj
 0001:0000d588       __acrt_lowio_unlock_fh     000000014000e588 f   libucrt:osfinfo.obj
 0001:0000d5b0       _alloc_osfhnd              000000014000e5b0 f   libucrt:osfinfo.obj
 0001:0000d6f0       _free_osfhnd               000000014000e6f0 f   libucrt:osfinfo.obj
 0001:0000d7ac       _get_osfhandle             000000014000e7ac f   libucrt:osfinfo.obj
 0001:0000d824       __acrt_locale_free_monetary 000000014000e824 f   libucrt:initmon.obj
 0001:0000d930       __acrt_locale_free_numeric 000000014000e930 f   libucrt:initnum.obj
 0001:0000d9f4       __acrt_locale_free_time    000000014000e9f4 f   libucrt:inittime.obj
 0001:0000dafc       __pctype_func              000000014000eafc f   libucrt:ctype.obj
 0001:0000db2c       __acrt_GetStringTypeA      000000014000eb2c f   libucrt:getstringtypea.obj
 0001:0000dcbc       __acrt_add_locale_ref      000000014000ecbc f   libucrt:locale_refcounting.obj
 0001:0000dd48       __acrt_free_locale         000000014000ed48 f   libucrt:locale_refcounting.obj
 0001:0000dec0       __acrt_locale_add_lc_time_reference 000000014000eec0 f   libucrt:locale_refcounting.obj
 0001:0000dee8       __acrt_locale_free_lc_time_if_unreferenced 000000014000eee8 f   libucrt:locale_refcounting.obj
 0001:0000df20       __acrt_locale_release_lc_time_reference 000000014000ef20 f   libucrt:locale_refcounting.obj
 0001:0000df48       __acrt_release_locale_ref  000000014000ef48 f   libucrt:locale_refcounting.obj
 0001:0000dff0       __acrt_update_thread_locale_data 000000014000eff0 f   libucrt:locale_refcounting.obj
 0001:0000e05c       _updatetlocinfoEx_nolock   000000014000f05c f   libucrt:locale_refcounting.obj
 0001:0000e0c4       _recalloc_base             000000014000f0c4 f   libucrt:recalloc.obj
 0001:0000e15c       __acrt_initialize_heap     000000014000f15c f   libucrt:heap_handle.obj
 0001:0000e178       __acrt_uninitialize_heap   000000014000f178 f   libucrt:heap_handle.obj
 0001:0000e184       __acrt_execute_initializers 000000014000f184 f   libucrt:shared_initialization.obj
 0001:0000e204       __acrt_execute_uninitializers 000000014000f204 f   libucrt:shared_initialization.obj
 0001:0000e240       __acrt_initialize_new_handler 000000014000f240 f   libucrt:new_handler.obj
 0001:0000e248       _callnewh                  000000014000f248 f   libucrt:new_handler.obj
 0001:0000e278       _query_new_handler         000000014000f278 f   libucrt:new_handler.obj
 0001:0000e2f4       __acrt_get_sigabrt_handler 000000014000f2f4 f   libucrt:signal.obj
 0001:0000e324       __acrt_initialize_signal_handlers 000000014000f324 f   libucrt:signal.obj
 0001:0000e344       raise                      000000014000f344 f   libucrt:signal.obj
 0001:0000e5b0       _isctype_l                 000000014000f5b0 f   libucrt:isctype.obj
 0001:0000e6b8       __acrt_DownlevelLocaleNameToLCID 000000014000f6b8 f   libucrt:lcidtoname_downlevel.obj
 0001:0000e7f4       _commit                    000000014000f7f4 f   libucrt:commit.obj
 0001:0000f0e8       _write                     00000001400100e8 f   libucrt:write.obj
 0001:0000f1d4       _write_nolock              00000001400101d4 f   libucrt:write.obj
 0001:0000f4b0       __ascii_wcsnicmp           00000001400104b0 f   libucrt:wcsnicmp.obj
 0001:0000f4fc       __ascii_strnicmp           00000001400104fc f   libucrt:strnicmp.obj
 0001:0000f548       _strnicmp                  0000000140010548 f   libucrt:strnicmp.obj
 0001:0000f598       _strnicmp_l                0000000140010598 f   libucrt:strnicmp.obj
 0001:0000fc70       _sopen_nolock              0000000140010c70 f   libucrt:open.obj
 0001:0000fd88       _sopen_s                   0000000140010d88 f   libucrt:open.obj
 0001:0000fdbc       _wsopen_nolock             0000000140010dbc f   libucrt:open.obj
 0001:000101a4       _isatty                    00000001400111a4 f   libucrt:isatty.obj
 0001:00010204       __acrt_stdio_allocate_buffer_nolock 0000000140011204 f   libucrt:_getbuf.obj
 0001:0001026c       _isleadbyte_l              000000014001126c f i libucrt:_wctype.obj
 0001:000102b8       ?__mbrtowc_utf8@__crt_mbstring@@YA_KPEA_WPEBD_KPEAU_Mbstatet@@@Z 00000001400112b8 f   libucrt:mbrtowc.obj
 0001:000102f4       ?__mbsrtowcs_utf8@__crt_mbstring@@YA_KPEA_WPEAPEBD_KPEAU_Mbstatet@@@Z 00000001400112f4 f   libucrt:mbrtowc.obj
 0001:0001046c       ?__c32rtomb_utf8@__crt_mbstring@@YA_KPEAD_UPEAU_Mbstatet@@@Z 000000014001146c f   libucrt:c32rtomb.obj
 0001:00010520       __acrt_fp_strflt_to_string 0000000140011520 f   libucrt:_fptostr.obj
 0001:00010610       ?divide@__crt_strtox@@YA_KAEAUbig_integer@1@AEBU21@@Z 0000000140011610 f i libucrt:cfout.obj
 0001:00010a3c       __acrt_fltout              0000000140011a3c f   libucrt:cfout.obj
 0001:00011e58       __acrt_stdio_flush_and_write_narrow_nolock 0000000140012e58 f   libucrt:_flsbuf.obj
 0001:00011f50       qsort                      0000000140012f50 f   libucrt:qsort.obj
 0001:00012300       strncpy_s                  0000000140013300 f   libucrt:strncpy_s.obj
 0001:00012480       strpbrk                    0000000140013480 f   libucrt:strpbrk.obj
 0001:00012860       _mbsdec                    0000000140013860 f   libucrt:mbsdec.obj
 0001:00012868       _mbsdec_l                  0000000140013868 f   libucrt:mbsdec.obj
 0001:00012c14       __acrt_LCMapStringA        0000000140013c14 f   libucrt:lcmapstringa.obj
 0001:00012cc4       _strnicoll                 0000000140013cc4 f   libucrt:strnicol.obj
 0001:00012cdc       _strnicoll_l               0000000140013cdc f   libucrt:strnicol.obj
 0001:00012ddc       __acrt_SetEnvironmentVariableA 0000000140013ddc f   libucrt:setenvironmentvariablea.obj
 0001:00012f74       _msize_base                0000000140013f74 f   libucrt:msize.obj
 0001:00012fb0       _realloc_base              0000000140013fb0 f   libucrt:realloc_base.obj
 0001:0001302c       _putwch_nolock             000000014001402c f   libucrt:putwch.obj
 0001:00013068       _chsize_nolock             0000000140014068 f   libucrt:chsize.obj
 0001:000131d4       ?__mbrtoc32_utf8@__crt_mbstring@@YA_KPEA_UPEBD_KPEAU_Mbstatet@@@Z 00000001400141d4 f   libucrt:mbrtoc32.obj
 0001:000133b0       fegetenv                   00000001400143b0 f   libucrt:fegetenv.obj
 0001:000133d0       fesetenv                   00000001400143d0 f   libucrt:fesetenv.obj
 0001:0001341c       feholdexcept               000000014001441c f   libucrt:feholdexcept.obj
 0001:0001346c       ceil                       000000014001446c f   libucrt:ceil.obj
 0001:00013530       log10                      0000000140014530 f   libucrt:log10.obj
 0001:00013adc       __strncnt                  0000000140014adc f   libucrt:strncnt.obj
 0001:00013e54       __acrt_CompareStringA      0000000140014e54 f   libucrt:comparestringa.obj
 0001:00013ee0       __dcrt_lowio_ensure_console_output_initialized 0000000140014ee0 f   libucrt:initcon.obj
 0001:00013f34       __dcrt_terminate_console_output 0000000140014f34 f   libucrt:initcon.obj
 0001:00013f50       __dcrt_write_console       0000000140014f50 f   libucrt:initcon.obj
 0001:00014010       __acrt_fenv_get_control    0000000140015010 f   libucrt:_fenvutils.obj
 0001:00014104       __acrt_fenv_get_status     0000000140015104 f   libucrt:_fenvutils.obj
 0001:00014158       __acrt_fenv_set_control    0000000140015158 f   libucrt:_fenvutils.obj
 0001:000142a0       __acrt_fenv_set_status     00000001400152a0 f   libucrt:_fenvutils.obj
 0001:00014324       _clearfp                   0000000140015324 f   libucrt:ieee.obj
 0001:000144b8       _handle_error              00000001400154b8 f   libucrt:libm_error.obj
 0001:000145e0       _handle_nan                00000001400155e0 f   libucrt:libm_error.obj
 0001:00014600       __acrt_initialize_fma3     0000000140015600 f   libucrt:fma3_available.obj
 0001:00014670       _log10_special             0000000140015670 f   libucrt:log_special.obj
 0001:00014740       _get_fpsr                  0000000140015740 f   libucrt:fpsr.obj
 0001:00014750       _set_fpsr                  0000000140015750 f   libucrt:fpsr.obj
 0001:0001475a       _fclrf                     000000014001575a f   libucrt:fpsr.obj
 0001:0001476e       _frnd                      000000014001576e f   libucrt:fpsr.obj
 0001:00014790       _raise_exc                 0000000140015790 f   libucrt:fpexcept.obj
 0001:000147b8       _raise_exc_ex              00000001400157b8 f   libucrt:fpexcept.obj
 0001:00014ac8       _set_errno_from_matherr    0000000140015ac8 f   libucrt:fpexcept.obj
 0001:00014af8       _clrfp                     0000000140015af8 f   libucrt:fpctrl.obj
 0001:00014b18       _ctrlfp                    0000000140015b18 f   libucrt:fpctrl.obj
 0001:00014b94       _set_statfp                0000000140015b94 f   libucrt:fpctrl.obj
 0001:00014bb4       _statfp                    0000000140015bb4 f   libucrt:fpctrl.obj
 0001:00014bc5       IsProcessorFeaturePresent  0000000140015bc5 f   kernel32:KERNEL32.dll
 0001:00014bd0       ?OutChar@@YAXPEAUformat_dest@@D@Z 0000000140015bd0 f   libcommon:libcommon.obj
 0001:00014c30       ?OutChars@@YAXPEAUformat_dest@@PEAD@Z 0000000140015c30 f   libcommon:libcommon.obj
 0001:00014c80       ?U64ToASCII@@YAXPEAUformat_dest@@_KIPEAD@Z 0000000140015c80 f   libcommon:libcommon.obj
 0001:00014d80       ?F64ToASCII@@YAXPEAUformat_dest@@NI@Z 0000000140015d80 f   libcommon:libcommon.obj
 0001:00014ef0       ?FormatArgList@@YA_K_KPEAD11@Z 0000000140015ef0 f   libcommon:libcommon.obj
 0001:00016130       ?IsTokenValid@@YAHUtoken@@@Z 0000000140017130 f   libcommon:libcommon.obj
 0001:00016170       ?TokenEquals@@YAHUtoken@@PEAD@Z 0000000140017170 f   libcommon:libcommon.obj
 0001:000161b0       ?GetToken@@YA?AUtoken@@PEAUtokenizer@@@Z 00000001400171b0 f   libcommon:libcommon.obj
 0001:00016ba0       ?PeekToken@@YA?AUtoken@@PEAUtokenizer@@@Z 0000000140017ba0 f   libcommon:libcommon.obj
 0001:00016c60       ?Tokenize@@YA?AUtokenizer@@Ustring@@PEAD@Z 0000000140017c60 f   libcommon:libcommon.obj
 0001:00016d00       ?Refill@@YAXPEAUtokenizer@@@Z 0000000140017d00 f   libcommon:libcommon.obj
 0001:00016e10       ?AdvanceInput@@YAXPEAUtokenizer@@I@Z 0000000140017e10 f   libcommon:libcommon.obj
 0001:00016e60       ?Advance@@YAPEAEPEAUstring@@_K@Z 0000000140017e60 f i libcommon:libcommon.obj
 0001:00016f00       ?IsAlphabetical@@YAHD@Z    0000000140017f00 f i libcommon:libcommon.obj
 0001:00016f50       ?IsEndOfLine@@YAHD@Z       0000000140017f50 f i libcommon:libcommon.obj
 0001:00016f90       ?IsNumeric@@YAHD@Z         0000000140017f90 f i libcommon:libcommon.obj
 0001:00016fd0       ?IsSpacing@@YAHD@Z         0000000140017fd0 f i libcommon:libcommon.obj
 0001:00017020       ?StringToI32@@YAHPEAD@Z    0000000140018020 f i libcommon:libcommon.obj
 0001:00017050       ?StringToI32_@@YAHPEAPEAD@Z 0000000140018050 f i libcommon:libcommon.obj
 0001:000170d0       _FindPESection             00000001400180d0 f   libcmt:pesect.obj
 0001:00017120       _IsNonwritableInCurrentImage 0000000140018120 f   libcmt:pesect.obj
 0001:00017170       _ValidateImageBase         0000000140018170 f   libcmt:pesect.obj
 0001:000171a0       __GSHandlerCheck           00000001400181a0 f   libcmt:gshandler.obj
 0001:000171c0       __GSHandlerCheckCommon     00000001400181c0 f   libcmt:gshandler.obj
 0001:00017230       __security_check_cookie    0000000140018230 f   libcmt:amdsecgs.obj
 0001:00017270       _alloca_probe              0000000140018270 f   libcmt:chkstk.obj
 0001:00017270       __chkstk                   0000000140018270 f   libcmt:chkstk.obj
 0001:000172c4       __raise_securityfailure    00000001400182c4 f   libcmt:gs_report.obj
 0001:000172f8       __report_gsfailure         00000001400182f8 f   libcmt:gs_report.obj
 0001:000173cc       __report_rangecheckfailure 00000001400183cc f   libcmt:gs_report.obj
 0001:000173e0       __report_securityfailure   00000001400183e0 f   libcmt:gs_report.obj
 0001:00017570       memcmp                     0000000140018570 f   libvcruntime:memcmp.obj
 0001:00017638       strrchr                    0000000140018638 f   libvcruntime:strrchr.obj
 0001:00017768       strchr                     0000000140018768 f   libvcruntime:strchr.obj
 0001:00017800       _guard_dispatch_icall_nop  0000000140018800 f   libcmt:guard_dispatch.obj
 0002:00000000       __imp_FindFirstFileA       0000000140019000     kernel32:KERNEL32.dll
 0002:00000008       __imp_FindNextFileA        0000000140019008     kernel32:KERNEL32.dll
 0002:00000010       __imp_GetFullPathNameA     0000000140019010     kernel32:KERNEL32.dll
 0002:00000018       __imp_QueryPerformanceCounter 0000000140019018     kernel32:KERNEL32.dll
 0002:00000020       __imp_GetCurrentProcessId  0000000140019020     kernel32:KERNEL32.dll
 0002:00000028       __imp_GetCurrentThreadId   0000000140019028     kernel32:KERNEL32.dll
 0002:00000030       __imp_GetSystemTimeAsFileTime 0000000140019030     kernel32:KERNEL32.dll
 0002:00000038       __imp_InitializeSListHead  0000000140019038     kernel32:KERNEL32.dll
 0002:00000040       __imp_RtlCaptureContext    0000000140019040     kernel32:KERNEL32.dll
 0002:00000048       __imp_RtlLookupFunctionEntry 0000000140019048     kernel32:KERNEL32.dll
 0002:00000050       __imp_RtlVirtualUnwind     0000000140019050     kernel32:KERNEL32.dll
 0002:00000058       __imp_IsDebuggerPresent    0000000140019058     kernel32:KERNEL32.dll
 0002:00000060       __imp_UnhandledExceptionFilter 0000000140019060     kernel32:KERNEL32.dll
 0002:00000068       __imp_SetUnhandledExceptionFilter 0000000140019068     kernel32:KERNEL32.dll
 0002:00000070       __imp_GetStartupInfoW      0000000140019070     kernel32:KERNEL32.dll
 0002:00000078       __imp_IsProcessorFeaturePresent 0000000140019078     kernel32:KERNEL32.dll
 0002:00000080       __imp_GetModuleHandleW     0000000140019080     kernel32:KERNEL32.dll
 0002:00000088       __imp_RtlUnwindEx          0000000140019088     kernel32:KERNEL32.dll
 0002:00000090       __imp_GetLastError         0000000140019090     kernel32:KERNEL32.dll
 0002:00000098       __imp_SetLastError         0000000140019098     kernel32:KERNEL32.dll
 0002:000000a0       __imp_EnterCriticalSection 00000001400190a0     kernel32:KERNEL32.dll
 0002:000000a8       __imp_LeaveCriticalSection 00000001400190a8     kernel32:KERNEL32.dll
 0002:000000b0       __imp_DeleteCriticalSection 00000001400190b0     kernel32:KERNEL32.dll
 0002:000000b8       __imp_InitializeCriticalSectionAndSpinCount 00000001400190b8     kernel32:KERNEL32.dll
 0002:000000c0       __imp_TlsAlloc             00000001400190c0     kernel32:KERNEL32.dll
 0002:000000c8       __imp_TlsGetValue          00000001400190c8     kernel32:KERNEL32.dll
 0002:000000d0       __imp_TlsSetValue          00000001400190d0     kernel32:KERNEL32.dll
 0002:000000d8       __imp_TlsFree              00000001400190d8     kernel32:KERNEL32.dll
 0002:000000e0       __imp_FreeLibrary          00000001400190e0     kernel32:KERNEL32.dll
 0002:000000e8       __imp_GetProcAddress       00000001400190e8     kernel32:KERNEL32.dll
 0002:000000f0       __imp_LoadLibraryExW       00000001400190f0     kernel32:KERNEL32.dll
 0002:000000f8       __imp_RaiseException       00000001400190f8     kernel32:KERNEL32.dll
 0002:00000100       __imp_GetDriveTypeW        0000000140019100     kernel32:KERNEL32.dll
 0002:00000108       __imp_GetFullPathNameW     0000000140019108     kernel32:KERNEL32.dll
 0002:00000110       __imp_ReadFile             0000000140019110     kernel32:KERNEL32.dll
 0002:00000118       __imp_GetStdHandle         0000000140019118     kernel32:KERNEL32.dll
 0002:00000120       __imp_WriteFile            0000000140019120     kernel32:KERNEL32.dll
 0002:00000128       __imp_GetModuleFileNameW   0000000140019128     kernel32:KERNEL32.dll
 0002:00000130       __imp_GetCurrentProcess    0000000140019130     kernel32:KERNEL32.dll
 0002:00000138       __imp_ExitProcess          0000000140019138     kernel32:KERNEL32.dll
 0002:00000140       __imp_TerminateProcess     0000000140019140     kernel32:KERNEL32.dll
 0002:00000148       __imp_GetModuleHandleExW   0000000140019148     kernel32:KERNEL32.dll
 0002:00000150       __imp_GetCommandLineA      0000000140019150     kernel32:KERNEL32.dll
 0002:00000158       __imp_GetCommandLineW      0000000140019158     kernel32:KERNEL32.dll
 0002:00000160       __imp_HeapFree             0000000140019160     kernel32:KERNEL32.dll
 0002:00000168       __imp_HeapAlloc            0000000140019168     kernel32:KERNEL32.dll
 0002:00000170       __imp_MultiByteToWideChar  0000000140019170     kernel32:KERNEL32.dll
 0002:00000178       __imp_WideCharToMultiByte  0000000140019178     kernel32:KERNEL32.dll
 0002:00000180       __imp_CompareStringW       0000000140019180     kernel32:KERNEL32.dll
 0002:00000188       __imp_LCMapStringW         0000000140019188     kernel32:KERNEL32.dll
 0002:00000190       __imp_GetCurrentDirectoryW 0000000140019190     kernel32:KERNEL32.dll
 0002:00000198       __imp_GetFileType          0000000140019198     kernel32:KERNEL32.dll
 0002:000001a0       __imp_CloseHandle          00000001400191a0     kernel32:KERNEL32.dll
 0002:000001a8       __imp_GetConsoleMode       00000001400191a8     kernel32:KERNEL32.dll
 0002:000001b0       __imp_ReadConsoleW         00000001400191b0     kernel32:KERNEL32.dll
 0002:000001b8       __imp_SetFilePointerEx     00000001400191b8     kernel32:KERNEL32.dll
 0002:000001c0       __imp_FindClose            00000001400191c0     kernel32:KERNEL32.dll
 0002:000001c8       __imp_FindFirstFileExW     00000001400191c8     kernel32:KERNEL32.dll
 0002:000001d0       __imp_FindNextFileW        00000001400191d0     kernel32:KERNEL32.dll
 0002:000001d8       __imp_IsValidCodePage      00000001400191d8     kernel32:KERNEL32.dll
 0002:000001e0       __imp_GetACP               00000001400191e0     kernel32:KERNEL32.dll
 0002:000001e8       __imp_GetOEMCP             00000001400191e8     kernel32:KERNEL32.dll
 0002:000001f0       __imp_GetCPInfo            00000001400191f0     kernel32:KERNEL32.dll
 0002:000001f8       __imp_GetEnvironmentStringsW 00000001400191f8     kernel32:KERNEL32.dll
 0002:00000200       __imp_FreeEnvironmentStringsW 0000000140019200     kernel32:KERNEL32.dll
 0002:00000208       __imp_SetEnvironmentVariableW 0000000140019208     kernel32:KERNEL32.dll
 0002:00000210       __imp_SetStdHandle         0000000140019210     kernel32:KERNEL32.dll
 0002:00000218       __imp_GetStringTypeW       0000000140019218     kernel32:KERNEL32.dll
 0002:00000220       __imp_GetProcessHeap       0000000140019220     kernel32:KERNEL32.dll
 0002:00000228       __imp_FlushFileBuffers     0000000140019228     kernel32:KERNEL32.dll
 0002:00000230       __imp_GetConsoleCP         0000000140019230     kernel32:KERNEL32.dll
 0002:00000238       __imp_CreateFileW          0000000140019238     kernel32:KERNEL32.dll
 0002:00000240       __imp_GetFileSizeEx        0000000140019240     kernel32:KERNEL32.dll
 0002:00000248       __imp_HeapSize             0000000140019248     kernel32:KERNEL32.dll
 0002:00000250       __imp_HeapReAlloc          0000000140019250     kernel32:KERNEL32.dll
 0002:00000258       __imp_SetEndOfFile         0000000140019258     kernel32:KERNEL32.dll
 0002:00000260       __imp_WriteConsoleW        0000000140019260     kernel32:KERNEL32.dll
 0002:00000268       \177KERNEL32_NULL_THUNK_DATA 0000000140019268     kernel32:KERNEL32.dll
 0002:00000270       __guard_check_icall_fptr   0000000140019270     libcmt:guard_support.obj
 0002:00000278       __guard_xfg_check_icall_fptr 0000000140019278     libcmt:guard_support.obj
 0002:00000280       __guard_dispatch_icall_fptr 0000000140019280     libcmt:guard_support.obj
 0002:00000288       __guard_xfg_dispatch_icall_fptr 0000000140019288     libcmt:guard_support.obj
 0002:00000290       __guard_xfg_table_dispatch_icall_fptr 0000000140019290     libcmt:guard_support.obj
 0002:00000298       __xc_a                     0000000140019298     libcmt:initializers.obj
 0002:000002b0       __xc_z                     00000001400192b0     libcmt:initializers.obj
 0002:000002b8       __xi_a                     00000001400192b8     libcmt:initializers.obj
 0002:000002d0       __acrt_stdio_initializer   00000001400192d0     libucrt:stdio_initializer.obj
 0002:000002d8       __acrt_multibyte_initializer 00000001400192d8     libucrt:multibyte_initializer.obj
 0002:000002e0       __acrt_tran_fma3_initializer 00000001400192e0     libucrt:fma3_initializer.obj
 0002:000002e8       __xi_z                     00000001400192e8     libcmt:initializers.obj
 0002:000002f0       __xp_a                     00000001400192f0     libcmt:initializers.obj
 0002:000002f8       __acrt_locale_terminator   00000001400192f8     libucrt:locale_initializer.obj
 0002:00000300       __dcrt_console_output_terminator 0000000140019300     libucrt:console_output_initializer.obj
 0002:00000308       __acrt_stdio_terminator    0000000140019308     libucrt:stdio_initializer.obj
 0002:00000310       __xp_z                     0000000140019310     libcmt:initializers.obj
 0002:00000318       __xt_a                     0000000140019318     libcmt:initializers.obj
 0002:00000320       __xt_z                     0000000140019320     libcmt:initializers.obj
 0002:000003e0       __xmm@ffffffffffffffffffffffffffffffff 00000001400193e0     libcmt:utility.obj
 0002:000003f0       _pDestructExceptionObject  00000001400193f0     libvcruntime:ehhelpers.obj
 0002:00000b00       ??_C@_08EHJDFFNH@__based?$CI@ 0000000140019b00     libvcruntime:undname.obj
 0002:00000b10       ??_C@_07KOLFKCDI@__cdecl@  0000000140019b10     libvcruntime:undname.obj
 0002:00000b18       ??_C@_08GHMPAG@__pascal@   0000000140019b18     libvcruntime:undname.obj
 0002:00000b28       ??_C@_09IFJBGAPI@__stdcall@ 0000000140019b28     libvcruntime:undname.obj
 0002:00000b38       ??_C@_0L@NPHFGOKO@__thiscall@ 0000000140019b38     libvcruntime:undname.obj
 0002:00000b48       ??_C@_0L@JMKHOMEK@__fastcall@ 0000000140019b48     libvcruntime:undname.obj
 0002:00000b58       ??_C@_0N@BCKKPABJ@__vectorcall@ 0000000140019b58     libvcruntime:undname.obj
 0002:00000b68       ??_C@_09HIJEGCPM@__clrcall@ 0000000140019b68     libvcruntime:undname.obj
 0002:00000b74       ??_C@_06GHPCKEAG@__eabi@   0000000140019b74     libvcruntime:undname.obj
 0002:00000b80       ??_C@_09IOPIDJLG@__swift_1@ 0000000140019b80     libvcruntime:undname.obj
 0002:00000b90       ??_C@_09KFNFGKHF@__swift_2@ 0000000140019b90     libvcruntime:undname.obj
 0002:00000ba0       ??_C@_07JOMMBBKO@__ptr64@  0000000140019ba0     libvcruntime:undname.obj
 0002:00000ba8       ??_C@_0L@PILCLIHE@__restrict@ 0000000140019ba8     libvcruntime:undname.obj
 0002:00000bb8       ??_C@_0M@GFIIJFMG@__unaligned@ 0000000140019bb8     libvcruntime:undname.obj
 0002:00000bc8       ??_C@_09DHDLOLLB@restrict?$CI@ 0000000140019bc8     libvcruntime:undname.obj
 0002:00000bd2       ??_C@_00CNPNBAHC@@         0000000140019bd2     libvcruntime:undname.obj
 0002:00000bd4       ??_C@_04NIHEBCM@?5new@     0000000140019bd4     libvcruntime:undname.obj
 0002:00000be0       ??_C@_07FPCDHGMM@?5delete@ 0000000140019be0     libvcruntime:undname.obj
 0002:00000be8       ??_C@_01NEMOKFLO@?$DN@     0000000140019be8     libvcruntime:undname.obj
 0002:00000bec       ??_C@_02GPIOPFAK@?$DO?$DO@ 0000000140019bec     libvcruntime:undname.obj
 0002:00000bf0       ??_C@_02FODMEDOG@?$DM?$DM@ 0000000140019bf0     libvcruntime:undname.obj
 0002:00000bf4       ??_C@_01DCLJPIOD@?$CB@     0000000140019bf4     libvcruntime:undname.obj
 0002:00000bf8       ??_C@_02EGOFBIJA@?$DN?$DN@ 0000000140019bf8     libvcruntime:undname.obj
 0002:00000bfc       ??_C@_02FDNJECIE@?$CB?$DN@ 0000000140019bfc     libvcruntime:undname.obj
 0002:00000c00       ??_C@_02GPECMEKF@?$FL?$FN@ 0000000140019c00     libvcruntime:undname.obj
 0002:00000c08       ??_C@_08LHJFAFGD@operator@ 0000000140019c08     libvcruntime:undname.obj
 0002:00000c14       ??_C@_02HBOOOICD@?9?$DO@   0000000140019c14     libvcruntime:undname.obj
 0002:00000c18       ??_C@_01NBENCBCI@?$CK@     0000000140019c18     libvcruntime:undname.obj
 0002:00000c1c       ??_C@_02ECNGHCIF@?$CL?$CL@ 0000000140019c1c     libvcruntime:undname.obj
 0002:00000c20       ??_C@_02BAABKJLB@?9?9@     0000000140019c20     libvcruntime:undname.obj
 0002:00000c24       ??_C@_01JOAMLHOP@?9@       0000000140019c24     libvcruntime:undname.obj
 0002:00000c28       ??_C@_01MIFGBAGJ@?$CL@     0000000140019c28     libvcruntime:undname.obj
 0002:00000c2c       ??_C@_01HNPIGOCE@?$CG@     0000000140019c2c     libvcruntime:undname.obj
 0002:00000c30       ??_C@_03MNHNFDLC@?9?$DO?$CK@ 0000000140019c30     libvcruntime:undname.obj
 0002:00000c34       ??_C@_01KMDKNFGN@?1@       0000000140019c34     libvcruntime:undname.obj
 0002:00000c38       ??_C@_01FGNFDNOH@?$CF@     0000000140019c38     libvcruntime:undname.obj
 0002:00000c3c       ??_C@_01MNNFJEPP@?$DM@     0000000140019c3c     libvcruntime:undname.obj
 0002:00000c40       ??_C@_02EHCHHCKH@?$DM?$DN@ 0000000140019c40     libvcruntime:undname.obj
 0002:00000c44       ??_C@_01PPODPGHN@?$DO@     0000000140019c44     libvcruntime:undname.obj
 0002:00000c48       ??_C@_02EEKDKGMJ@?$DO?$DN@ 0000000140019c48     libvcruntime:undname.obj
 0002:00000c4c       ??_C@_01IHBHIGKO@?0@       0000000140019c4c     libvcruntime:undname.obj
 0002:00000c50       ??_C@_02HCKGKOFO@?$CI?$CJ@ 0000000140019c50     libvcruntime:undname.obj
 0002:00000c54       ??_C@_01PJKLJHI@?$HO@      0000000140019c54     libvcruntime:undname.obj
 0002:00000c58       ??_C@_01JKBOJNNK@?$FO@     0000000140019c58     libvcruntime:undname.obj
 0002:00000c5c       ??_C@_01DNKMNLPK@?$HM@     0000000140019c5c     libvcruntime:undname.obj
 0002:00000c60       ??_C@_02PPKAJPJL@?$CG?$CG@ 0000000140019c60     libvcruntime:undname.obj
 0002:00000c64       ??_C@_02NONPIBCD@?$HM?$HM@ 0000000140019c64     libvcruntime:undname.obj
 0002:00000c68       ??_C@_02FPIMKNGF@?$CK?$DN@ 0000000140019c68     libvcruntime:undname.obj
 0002:00000c6c       ??_C@_02FOEOMHFC@?$CL?$DN@ 0000000140019c6c     libvcruntime:undname.obj
 0002:00000c70       ??_C@_02FKMDLLOA@?9?$DN@   0000000140019c70     libvcruntime:undname.obj
 0002:00000c74       ??_C@_02FJEHGPIO@?1?$DN@   0000000140019c74     libvcruntime:undname.obj
 0002:00000c78       ??_C@_02FENAOKFI@?$CF?$DN@ 0000000140019c78     libvcruntime:undname.obj
 0002:00000c7c       ??_C@_03IKFCCPFF@?$DO?$DO?$DN@ 0000000140019c7c     libvcruntime:undname.obj
 0002:00000c80       ??_C@_03CDNPDDLA@?$DM?$DM?$DN@ 0000000140019c80     libvcruntime:undname.obj
 0002:00000c84       ??_C@_02FGJGFEAB@?$CG?$DN@ 0000000140019c84     libvcruntime:undname.obj
 0002:00000c88       ??_C@_02DHLNPPGH@?$HM?$DN@ 0000000140019c88     libvcruntime:undname.obj
 0002:00000c8c       ??_C@_02MHEGNOJ@?$FO?$DN@  0000000140019c8c     libvcruntime:undname.obj
 0002:00000c90       ??_C@_09IFPLHPGF@?$GAvftable?8@ 0000000140019c90     libvcruntime:undname.obj
 0002:00000ca0       ??_C@_09BLBHBJP@?$GAvbtable?8@ 0000000140019ca0     libvcruntime:undname.obj
 0002:00000cb0       ??_C@_07FEEIOKP@?$GAvcall?8@ 0000000140019cb0     libvcruntime:undname.obj
 0002:00000cb8       ??_C@_08LLFFHHDJ@?$GAtypeof?8@ 0000000140019cb8     libvcruntime:undname.obj
 0002:00000cc8       ??_C@_0BF@KDPPACIK@?$GAlocal?5static?5guard?8@ 0000000140019cc8     libvcruntime:undname.obj
 0002:00000ce0       ??_C@_08OBABFOLI@?$GAstring?8@ 0000000140019ce0     libvcruntime:undname.obj
 0002:00000cf0       ??_C@_0BD@JDLKDPAB@?$GAvbase?5destructor?8@ 0000000140019cf0     libvcruntime:undname.obj
 0002:00000d08       ??_C@_0BN@DEGPLNFK@?$GAvector?5deleting?5destructor?8@ 0000000140019d08     libvcruntime:undname.obj
 0002:00000d28       ??_C@_0BO@OBMKPJIG@?$GAdefault?5constructor?5closure?8@ 0000000140019d28     libvcruntime:undname.obj
 0002:00000d48       ??_C@_0BN@IMDCHIKM@?$GAscalar?5deleting?5destructor?8@ 0000000140019d48     libvcruntime:undname.obj
 0002:00000d68       ??_C@_0BO@PFGOCPJJ@?$GAvector?5constructor?5iterator?8@ 0000000140019d68     libvcruntime:undname.obj
 0002:00000d88       ??_C@_0BN@LFPFMEDL@?$GAvector?5destructor?5iterator?8@ 0000000140019d88     libvcruntime:undname.obj
 0002:00000da8       ??_C@_0CE@IKBNEHA@?$GAvector?5vbase?5constructor?5itera@ 0000000140019da8     libvcruntime:undname.obj
 0002:00000dd0       ??_C@_0BL@NILFHHPC@?$GAvirtual?5displacement?5map?8@ 0000000140019dd0     libvcruntime:undname.obj
 0002:00000df0       ??_C@_0CB@JONCMFFK@?$GAeh?5vector?5constructor?5iterator@ 0000000140019df0     libvcruntime:undname.obj
 0002:00000e18       ??_C@_0CA@GCEOPDGL@?$GAeh?5vector?5destructor?5iterator?8@ 0000000140019e18     libvcruntime:undname.obj
 0002:00000e38       ??_C@_0CH@OOJPLCPH@?$GAeh?5vector?5vbase?5constructor?5it@ 0000000140019e38     libvcruntime:undname.obj
 0002:00000e60       ??_C@_0BL@LLKPOHJI@?$GAcopy?5constructor?5closure?8@ 0000000140019e60     libvcruntime:undname.obj
 0002:00000e80       ??_C@_0BA@KBCDOMBN@?$GAudt?5returning?8@ 0000000140019e80     libvcruntime:undname.obj
 0002:00000e90       ??_C@_03KLGMFNMG@?$GAEH@   0000000140019e90     libvcruntime:undname.obj
 0002:00000e94       ??_C@_05KHLCHHI@?$GARTTI@  0000000140019e94     libvcruntime:undname.obj
 0002:00000ea0       ??_C@_0BA@KKLDJDLB@?$GAlocal?5vftable?8@ 0000000140019ea0     libvcruntime:undname.obj
 0002:00000eb0       ??_C@_0CE@IIHCMGGL@?$GAlocal?5vftable?5constructor?5clos@ 0000000140019eb0     libvcruntime:undname.obj
 0002:00000ed4       ??_C@_06FHBGPFGH@?5new?$FL?$FN@ 0000000140019ed4     libvcruntime:undname.obj
 0002:00000ee0       ??_C@_09LBNFPBCA@?5delete?$FL?$FN@ 0000000140019ee0     libvcruntime:undname.obj
 0002:00000ef0       ??_C@_0P@HJKNJFNN@?$GAomni?5callsig?8@ 0000000140019ef0     libvcruntime:undname.obj
 0002:00000f00       ??_C@_0BL@CNOONJFP@?$GAplacement?5delete?5closure?8@ 0000000140019f00     libvcruntime:undname.obj
 0002:00000f20       ??_C@_0BN@CKNJLHMB@?$GAplacement?5delete?$FL?$FN?5closure?8@ 0000000140019f20     libvcruntime:undname.obj
 0002:00000f40       ??_C@_0CG@CFDHKGGD@?$GAmanaged?5vector?5constructor?5ite@ 0000000140019f40     libvcruntime:undname.obj
 0002:00000f68       ??_C@_0CF@IMGKMJNO@?$GAmanaged?5vector?5destructor?5iter@ 0000000140019f68     libvcruntime:undname.obj
 0002:00000f90       ??_C@_0CG@HLDDJMAG@?$GAeh?5vector?5copy?5constructor?5ite@ 0000000140019f90     libvcruntime:undname.obj
 0002:00000fb8       ??_C@_0CM@FCBBDIGB@?$GAeh?5vector?5vbase?5copy?5construct@ 0000000140019fb8     libvcruntime:undname.obj
 0002:00000fe8       ??_C@_0BL@CLIPGLGB@?$GAdynamic?5initializer?5for?5?8@ 0000000140019fe8     libvcruntime:undname.obj
 0002:00001008       ??_C@_0CB@PDBIFEP@?$GAdynamic?5atexit?5destructor?5for?5@ 000000014001a008     libvcruntime:undname.obj
 0002:00001030       ??_C@_0CD@CGAJBKEJ@?$GAvector?5copy?5constructor?5iterat@ 000000014001a030     libvcruntime:undname.obj
 0002:00001058       ??_C@_0CJ@GJELGAMM@?$GAvector?5vbase?5copy?5constructor?5@ 000000014001a058     libvcruntime:undname.obj
 0002:00001088       ??_C@_0CL@FGIJHLCE@?$GAmanaged?5vector?5copy?5constructo@ 000000014001a088     libvcruntime:undname.obj
 0002:000010b8       ??_C@_0BM@PMGGMLDN@?$GAlocal?5static?5thread?5guard?8@ 000000014001a0b8     libvcruntime:undname.obj
 0002:000010d8       ??_C@_0N@BDNMDMOL@operator?5?$CC?$CC?5@ 000000014001a0d8     libvcruntime:undname.obj
 0002:000010e8       ??_C@_0BC@GGEBGALA@operator?5co_await@ 000000014001a0e8     libvcruntime:undname.obj
 0002:00001100       ??_C@_0M@GAAIMMOH@operator?$DM?$DN?$DO@ 000000014001a100     libvcruntime:undname.obj
 0002:00001110       ??_C@_0BC@DAFEJGAK@?5Type?5Descriptor?8@ 000000014001a110     libvcruntime:undname.obj
 0002:00001128       ??_C@_0BM@LDKODKLH@?5Base?5Class?5Descriptor?5at?5?$CI@ 000000014001a128     libvcruntime:undname.obj
 0002:00001148       ??_C@_0BD@LGICGFMM@?5Base?5Class?5Array?8@ 000000014001a148     libvcruntime:undname.obj
 0002:00001160       ??_C@_0BN@MECKDCOJ@?5Class?5Hierarchy?5Descriptor?8@ 000000014001a160     libvcruntime:undname.obj
 0002:00001180       ??_C@_0BK@CFCOFLF@?5Complete?5Object?5Locator?8@ 000000014001a180     libvcruntime:undname.obj
 0002:000011a0       ??_C@_0BG@JNJLAMPM@?$GAanonymous?5namespace?8@ 000000014001a1a0     libvcruntime:undname.obj
 0002:000011d0       ??_C@_1DM@KHCHBNEB@?$AAa?$AAp?$AAi?$AA?9?$AAm?$AAs?$AA?9?$AAw?$AAi?$AAn?$AA?9?$AAc?$AAo?$AAr?$AAe@ 000000014001a1d0     libvcruntime:winapi_downlevel.obj
 0002:00001210       ??_C@_1DK@LPPGFMPP@?$AAa?$AAp?$AAi?$AA?9?$AAm?$AAs?$AA?9?$AAw?$AAi?$AAn?$AA?9?$AAc?$AAo?$AAr?$AAe@ 000000014001a210     libvcruntime:winapi_downlevel.obj
 0002:00001250       ??_C@_1BC@GDMECMAK@?$AAk?$AAe?$AAr?$AAn?$AAe?$AAl?$AA3?$AA2@ 000000014001a250     libvcruntime:winapi_downlevel.obj
 0002:00001268       ??_C@_1BA@PFFKHIOG@?$AAa?$AAp?$AAi?$AA?9?$AAm?$AAs?$AA?9@ 000000014001a268     libvcruntime:winapi_downlevel.obj
 0002:00001280       ??_C@_08KNHFBNJ@FlsAlloc@  000000014001a280     libvcruntime:winapi_downlevel.obj
 0002:00001298       ??_C@_07PEJMOBNF@FlsFree@  000000014001a298     libvcruntime:winapi_downlevel.obj
 0002:000012a8       ??_C@_0M@GDNOONDI@FlsGetValue@ 000000014001a2a8     libvcruntime:winapi_downlevel.obj
 0002:000012c0       ??_C@_0M@JCPCPOEF@FlsSetValue@ 000000014001a2c0     libvcruntime:winapi_downlevel.obj
 0002:000012d8       ??_C@_0BM@HCFOFFN@InitializeCriticalSectionEx@ 000000014001a2d8     libvcruntime:winapi_downlevel.obj
 0002:00001300       standard_lookup_table      000000014001a300     libucrt:output.obj
 0002:00001360       ??_C@_1O@CEDCILHN@?$AA?$CI?$AAn?$AAu?$AAl?$AAl?$AA?$CJ@ 000000014001a360     libucrt:output.obj
 0002:00001370       ??_C@_06OJHGLDPL@?$CInull?$CJ@ 000000014001a370     libucrt:output.obj
 0002:00001380       __acrt_exception_action_table 000000014001a380     libucrt:exception_filter.obj
 0002:00001440       __acrt_signal_action_table_count 000000014001a440     libucrt:exception_filter.obj
 0002:00001448       __acrt_signal_action_first_fpe_index 000000014001a448     libucrt:exception_filter.obj
 0002:00001450       __acrt_signal_action_fpe_count 000000014001a450     libucrt:exception_filter.obj
 0002:00001458       ??_C@_1BI@BGOHAHKC@?$AAm?$AAs?$AAc?$AAo?$AAr?$AAe?$AAe?$AA?4?$AAd?$AAl?$AAl@ 000000014001a458     libucrt:exit.obj
 0002:00001470       ??_C@_0P@MIGLKIOC@CorExitProcess@ 000000014001a470     libucrt:exit.obj
 0002:00001790       ??_C@_1EA@JGEFHKEI@?$AAa?$AAp?$AAi?$AA?9?$AAm?$AAs?$AA?9?$AAw?$AAi?$AAn?$AA?9?$AAc?$AAo?$AAr?$AAe@ 000000014001a790     libucrt:winapi_thunks.obj
 0002:000017d0       ??_C@_1DI@IJCEHOCB@?$AAa?$AAp?$AAi?$AA?9?$AAm?$AAs?$AA?9?$AAw?$AAi?$AAn?$AA?9?$AAc?$AAo?$AAr?$AAe@ 000000014001a7d0     libucrt:winapi_thunks.obj
 0002:00001810       ??_C@_1EI@MPIAOHOC@?$AAa?$AAp?$AAi?$AA?9?$AAm?$AAs?$AA?9?$AAw?$AAi?$AAn?$AA?9?$AAc?$AAo?$AAr?$AAe@ 000000014001a810     libucrt:winapi_thunks.obj
 0002:00001860       ??_C@_1FK@FPHCKFIE@?$AAa?$AAp?$AAi?$AA?9?$AAm?$AAs?$AA?9?$AAw?$AAi?$AAn?$AA?9?$AAc?$AAo?$AAr?$AAe@ 000000014001a860     libucrt:winapi_thunks.obj
 0002:000018c0       ??_C@_1EM@DILCGIIO@?$AAa?$AAp?$AAi?$AA?9?$AAm?$AAs?$AA?9?$AAw?$AAi?$AAn?$AA?9?$AAc?$AAo?$AAr?$AAe@ 000000014001a8c0     libucrt:winapi_thunks.obj
 0002:00001910       ??_C@_1DM@LNCGDDPN@?$AAa?$AAp?$AAi?$AA?9?$AAm?$AAs?$AA?9?$AAw?$AAi?$AAn?$AA?9?$AAc?$AAo?$AAr?$AAe@ 000000014001a910     libucrt:winapi_thunks.obj
 0002:00001950       ??_C@_1DO@FPAPJEMD@?$AAa?$AAp?$AAi?$AA?9?$AAm?$AAs?$AA?9?$AAw?$AAi?$AAn?$AA?9?$AAc?$AAo?$AAr?$AAe@ 000000014001a950     libucrt:winapi_thunks.obj
 0002:00001990       ??_C@_1DK@NDHNAHIO@?$AAa?$AAp?$AAi?$AA?9?$AAm?$AAs?$AA?9?$AAw?$AAi?$AAn?$AA?9?$AAc?$AAo?$AAr?$AAe@ 000000014001a990     libucrt:winapi_thunks.obj
 0002:000019d0       ??_C@_1DM@KGHDGBCM@?$AAa?$AAp?$AAi?$AA?9?$AAm?$AAs?$AA?9?$AAw?$AAi?$AAn?$AA?9?$AAc?$AAo?$AAr?$AAe@ 000000014001a9d0     libucrt:winapi_thunks.obj
 0002:00001a10       ??_C@_1EO@IJIOEFOH@?$AAa?$AAp?$AAi?$AA?9?$AAm?$AAs?$AA?9?$AAw?$AAi?$AAn?$AA?9?$AAr?$AAt?$AAc?$AAo@ 000000014001aa10     libucrt:winapi_thunks.obj
 0002:00001a60       ??_C@_1FG@HHGEKANL@?$AAa?$AAp?$AAi?$AA?9?$AAm?$AAs?$AA?9?$AAw?$AAi?$AAn?$AA?9?$AAs?$AAe?$AAc?$AAu@ 000000014001aa60     libucrt:winapi_thunks.obj
 0002:00001ac0       ??_C@_1EG@DBIOJECG@?$AAe?$AAx?$AAt?$AA?9?$AAm?$AAs?$AA?9?$AAw?$AAi?$AAn?$AA?9?$AAn?$AAt?$AAu?$AAs@ 000000014001aac0     libucrt:winapi_thunks.obj
 0002:00001b10       ??_C@_1EO@FIHMJCLF@?$AAe?$AAx?$AAt?$AA?9?$AAm?$AAs?$AA?9?$AAw?$AAi?$AAn?$AA?9?$AAn?$AAt?$AAu?$AAs@ 000000014001ab10     libucrt:winapi_thunks.obj
 0002:00001b60       ??_C@_1BC@DNHGCMLG@?$AAa?$AAd?$AAv?$AAa?$AAp?$AAi?$AA3?$AA2@ 000000014001ab60     libucrt:winapi_thunks.obj
 0002:00001b78       ??_C@_1M@OAIMIKLP@?$AAn?$AAt?$AAd?$AAl?$AAl@ 000000014001ab78     libucrt:winapi_thunks.obj
 0002:00001b90       ??_C@_1EG@DPGNFKGC@?$AAa?$AAp?$AAi?$AA?9?$AAm?$AAs?$AA?9?$AAw?$AAi?$AAn?$AA?9?$AAa?$AAp?$AAp?$AAm@ 000000014001ab90     libucrt:winapi_thunks.obj
 0002:00001bd8       ??_C@_1O@BCCLBEOE@?$AAu?$AAs?$AAe?$AAr?$AA3?$AA2@ 000000014001abd8     libucrt:winapi_thunks.obj
 0002:00001be8       ??_C@_1BA@IAIFMGEF@?$AAe?$AAx?$AAt?$AA?9?$AAm?$AAs?$AA?9@ 000000014001abe8     libucrt:winapi_thunks.obj
 0002:00001c00       ??_C@_0BA@FHFNEAED@AreFileApisANSI@ 000000014001ac00     libucrt:winapi_thunks.obj
 0002:00001c18       ??_C@_0BA@IHGNDAEB@CompareStringEx@ 000000014001ac18     libucrt:winapi_thunks.obj
 0002:00001c58       ??_C@_0O@KKBNKAPF@LCMapStringEx@ 000000014001ac58     libucrt:winapi_thunks.obj
 0002:00001c70       ??_C@_0BB@HBDEELFH@LocaleNameToLCID@ 000000014001ac70     libucrt:winapi_thunks.obj
 0002:00001c88       ??_C@_0CF@OJOFEIGO@AppPolicyGetProcessTerminationM@ 000000014001ac88     libucrt:winapi_thunks.obj
 0002:00001cb0       __lc_time_c                000000014001acb0     libucrt:nlsdata.obj
 0002:00001f70       ??_C@_03KOEHGMDN@Sun@      000000014001af70     libucrt:nlsdata.obj
 0002:00001f74       ??_C@_03PDAGKDH@Mon@       000000014001af74     libucrt:nlsdata.obj
 0002:00001f78       ??_C@_03NAGEINEP@Tue@      000000014001af78     libucrt:nlsdata.obj
 0002:00001f7c       ??_C@_03MHOMLAJA@Wed@      000000014001af7c     libucrt:nlsdata.obj
 0002:00001f80       ??_C@_03IOFIKPDN@Thu@      000000014001af80     libucrt:nlsdata.obj
 0002:00001f84       ??_C@_03IDIOELNC@Fri@      000000014001af84     libucrt:nlsdata.obj
 0002:00001f88       ??_C@_03FEFJNEK@Sat@       000000014001af88     libucrt:nlsdata.obj
 0002:00001f8c       ??_C@_06OOPIFAJ@Sunday@    000000014001af8c     libucrt:nlsdata.obj
 0002:00001f94       ??_C@_06JLEDEDGH@Monday@   000000014001af94     libucrt:nlsdata.obj
 0002:00001fa0       ??_C@_07BAAGCFCM@Tuesday@  000000014001afa0     libucrt:nlsdata.obj
 0002:00001fa8       ??_C@_09DLIGFAKA@Wednesday@ 000000014001afa8     libucrt:nlsdata.obj
 0002:00001fb8       ??_C@_08HACCIKIA@Thursday@ 000000014001afb8     libucrt:nlsdata.obj
 0002:00001fc4       ??_C@_06JECMNKMI@Friday@   000000014001afc4     libucrt:nlsdata.obj
 0002:00001fd0       ??_C@_08INBOOONO@Saturday@ 000000014001afd0     libucrt:nlsdata.obj
 0002:00001fdc       ??_C@_03JIHJHPIE@Jan@      000000014001afdc     libucrt:nlsdata.obj
 0002:00001fe0       ??_C@_03HJBDCHOM@Feb@      000000014001afe0     libucrt:nlsdata.obj
 0002:00001fe4       ??_C@_03ODNJBKGA@Mar@      000000014001afe4     libucrt:nlsdata.obj
 0002:00001fe8       ??_C@_03LEOLGMJP@Apr@      000000014001afe8     libucrt:nlsdata.obj
 0002:00001fec       ??_C@_03CNMDKL@May@        000000014001afec     libucrt:nlsdata.obj
 0002:00001ff0       ??_C@_03IDFGHECI@Jun@      000000014001aff0     libucrt:nlsdata.obj
 0002:00001ff4       ??_C@_03LBGABGKK@Jul@      000000014001aff4     libucrt:nlsdata.obj
 0002:00001ff8       ??_C@_03IFJFEIGA@Aug@      000000014001aff8     libucrt:nlsdata.obj
 0002:00001ffc       ??_C@_03GGCAPAJC@Sep@      000000014001affc     libucrt:nlsdata.obj
 0002:00002000       ??_C@_03BMAOKBAD@Oct@      000000014001b000     libucrt:nlsdata.obj
 0002:00002004       ??_C@_03JPJOFNIA@Nov@      000000014001b004     libucrt:nlsdata.obj
 0002:00002008       ??_C@_03MKABNOCG@Dec@      000000014001b008     libucrt:nlsdata.obj
 0002:00002010       ??_C@_07CGJPFGJA@January@  000000014001b010     libucrt:nlsdata.obj
 0002:00002018       ??_C@_08GNJGEPFN@February@ 000000014001b018     libucrt:nlsdata.obj
 0002:00002024       ??_C@_05HPCKOFNC@March@    000000014001b024     libucrt:nlsdata.obj
 0002:0000202c       ??_C@_05DMJDNLEJ@April@    000000014001b02c     libucrt:nlsdata.obj
 0002:00002034       ??_C@_04CNLMGBGM@June@     000000014001b034     libucrt:nlsdata.obj
 0002:0000203c       ??_C@_04MIEPOIFP@July@     000000014001b03c     libucrt:nlsdata.obj
 0002:00002044       ??_C@_06LBBHFDDG@August@   000000014001b044     libucrt:nlsdata.obj
 0002:00002050       ??_C@_09BHHEALKD@September@ 000000014001b050     libucrt:nlsdata.obj
 0002:00002060       ??_C@_07JJNFCEND@October@  000000014001b060     libucrt:nlsdata.obj
 0002:00002068       ??_C@_08HCHEGEOA@November@ 000000014001b068     libucrt:nlsdata.obj
 0002:00002078       ??_C@_08EDHMEBNP@December@ 000000014001b078     libucrt:nlsdata.obj
 0002:00002084       ??_C@_02DEDBPAFC@AM@       000000014001b084     libucrt:nlsdata.obj
 0002:00002088       ??_C@_02CJNFDJBF@PM@       000000014001b088     libucrt:nlsdata.obj
 0002:00002090       ??_C@_08BPBNCDIB@MM?1dd?1yy@ 000000014001b090     libucrt:nlsdata.obj
 0002:000020a0       ??_C@_0BE@CKGJFCPC@dddd?0?5MMMM?5dd?0?5yyyy@ 000000014001b0a0     libucrt:nlsdata.obj
 0002:000020b8       ??_C@_08JCCMCCIL@HH?3mm?3ss@ 000000014001b0b8     libucrt:nlsdata.obj
 0002:000020c8       ??_C@_17MBGCMIPB@?$AAS?$AAu?$AAn@ 000000014001b0c8     libucrt:nlsdata.obj
 0002:000020d0       ??_C@_17KBOMKBF@?$AAM?$AAo?$AAn@ 000000014001b0d0     libucrt:nlsdata.obj
 0002:000020d8       ??_C@_17BMKGEGOJ@?$AAT?$AAu?$AAe@ 000000014001b0d8     libucrt:nlsdata.obj
 0002:000020e0       ??_C@_17CJEDCEPE@?$AAW?$AAe?$AAd@ 000000014001b0e0     libucrt:nlsdata.obj
 0002:000020e8       ??_C@_17PDPHAADD@?$AAT?$AAh?$AAu@ 000000014001b0e8     libucrt:nlsdata.obj
 0002:000020f0       ??_C@_17HFOLPPLP@?$AAF?$AAr?$AAi@ 000000014001b0f0     libucrt:nlsdata.obj
 0002:000020f8       ??_C@_17GGIBDPIH@?$AAS?$AAa?$AAt@ 000000014001b0f8     libucrt:nlsdata.obj
 0002:00002100       ??_C@_1O@IHNHDHPB@?$AAS?$AAu?$AAn?$AAd?$AAa?$AAy@ 000000014001b100     libucrt:nlsdata.obj
 0002:00002110       ??_C@_1O@MMNBFLIA@?$AAM?$AAo?$AAn?$AAd?$AAa?$AAy@ 000000014001b110     libucrt:nlsdata.obj
 0002:00002120       ??_C@_1BA@ENFBFFEK@?$AAT?$AAu?$AAe?$AAs?$AAd?$AAa?$AAy@ 000000014001b120     libucrt:nlsdata.obj
[...]
 0004:00000da4       $pdata$__acrt_get_sigabrt_handler 0000000140026da4     libucrt:signal.obj
 0004:00000db0       $pdata$raise               0000000140026db0     libucrt:signal.obj
 0004:00000dbc       $pdata$_isctype_l          0000000140026dbc     libucrt:isctype.obj
 0004:00000dc8       $pdata$__acrt_DownlevelLocaleNameToLCID 0000000140026dc8     libucrt:lcidtoname_downlevel.obj
 0004:00000dd4       $pdata$??$?RV<lambda_a37b2b86f63e897a80ea819b0eb08c01>@@AEAV<lambda_38ce7e780aa69e748d6df282ebc68efe>@@V<lambda_99fb1378e971ab6e7edea83e3a7a83a2>@@@?$__crt_seh_guarded_call@H@@QEAAH$$QEAV<lambda_a37b2b86f63e897a80ea819b0eb08c01>@@AEAV<lambda_38ce7e780aa69e748d6df282ebc68efe>@@$$QEAV<lambda_99fb1378e971ab6e7edea83e3a7a83a2>@@@Z 0000000140026dd4     libucrt:commit.obj
 0004:00000de0       $pdata$_commit             0000000140026de0     libucrt:commit.obj
 0004:00000dec       $pdata$?write_double_translated_ansi_nolock@@YA?AUwrite_result@?A0x17268360@@HQEBDI@Z 0000000140026dec     libucrt:write.obj
 0004:00000df8       $pdata$?write_text_ansi_nolock@@YA?AUwrite_result@?A0x17268360@@HQEBDI@Z 0000000140026df8     libucrt:write.obj
 0004:00000e04       $pdata$?write_text_utf16le_nolock@@YA?AUwrite_result@?A0x17268360@@HQEBDI@Z 0000000140026e04     libucrt:write.obj
 0004:00000e10       $pdata$?write_text_utf8_nolock@@YA?AUwrite_result@?A0x17268360@@HQEBDI@Z 0000000140026e10     libucrt:write.obj
 0004:00000e1c       $pdata$_write              0000000140026e1c     libucrt:write.obj
 0004:00000e28       $pdata$_write_nolock       0000000140026e28     libucrt:write.obj
 0004:00000e34       $pdata$_strnicmp           0000000140026e34     libucrt:strnicmp.obj
 0004:00000e40       $pdata$_strnicmp_l         0000000140026e40     libucrt:strnicmp.obj
 0004:00000e4c       $pdata$??$common_sopen_dispatch@D@@YAHQEBDHHHQEAHH@Z 0000000140026e4c     libucrt:open.obj
 0004:00000e58       $pdata$?configure_text_mode@@YAHHUfile_options@?A0xa9d50aae@@HAEAW4__crt_lowio_text_mode@@@Z 0000000140026e58     libucrt:open.obj
 0004:00000e64       $pdata$?decode_options@@YA?AUfile_options@?A0xa9d50aae@@HHH@Z 0000000140026e64     libucrt:open.obj
 0004:00000e70       $pdata$?truncate_ctrl_z_if_present@@YAHH@Z 0000000140026e70     libucrt:open.obj
 0004:00000e7c       $pdata$_sopen_nolock       0000000140026e7c     libucrt:open.obj
 0004:00000e88       $pdata$_sopen_s            0000000140026e88     libucrt:open.obj
 0004:00000e94       $pdata$_wsopen_nolock      0000000140026e94     libucrt:open.obj
 0004:00000ea0       $pdata$_isatty             0000000140026ea0     libucrt:isatty.obj
 0004:00000eac       $pdata$__acrt_stdio_allocate_buffer_nolock 0000000140026eac     libucrt:_getbuf.obj
 0004:00000eb8       $pdata$_isleadbyte_l       0000000140026eb8     libucrt:_wctype.obj
 0004:00000ec4       $pdata$?__mbrtowc_utf8@__crt_mbstring@@YA_KPEA_WPEBD_KPEAU_Mbstatet@@@Z 0000000140026ec4     libucrt:mbrtowc.obj
 0004:00000ed0       $pdata$?__mbsrtowcs_utf8@__crt_mbstring@@YA_KPEA_WPEAPEBD_KPEAU_Mbstatet@@@Z 0000000140026ed0     libucrt:mbrtowc.obj
 0004:00000edc       $pdata$?__c32rtomb_utf8@__crt_mbstring@@YA_KPEAD_UPEAU_Mbstatet@@@Z 0000000140026edc     libucrt:c32rtomb.obj
 0004:00000ee8       $pdata$__acrt_fp_strflt_to_string 0000000140026ee8     libucrt:_fptostr.obj
 0004:00000ef4       $pdata$?divide@__crt_strtox@@YA_KAEAUbig_integer@1@AEBU21@@Z 0000000140026ef4     libucrt:cfout.obj
 0004:00000f00       $pdata$0$?divide@__crt_strtox@@YA_KAEAUbig_integer@1@AEBU21@@Z 0000000140026f00     libucrt:cfout.obj
 0004:00000f0c       $pdata$1$?divide@__crt_strtox@@YA_KAEAUbig_integer@1@AEBU21@@Z 0000000140026f0c     libucrt:cfout.obj
 0004:00000f18       $pdata$__acrt_fltout       0000000140026f18     libucrt:cfout.obj
 0004:00000f24       $pdata$memcpy_s            0000000140026f24     libucrt:cfout.obj
 0004:00000f30       $pdata$??$write_buffer_nolock@D@@YA_NDV__crt_stdio_stream@@@Z 0000000140026f30     libucrt:_flsbuf.obj
 0004:00000f3c       $pdata$?stream_is_at_end_of_file_nolock@@YA_NV__crt_stdio_stream@@@Z 0000000140026f3c     libucrt:_flsbuf.obj
 0004:00000f48       $pdata$__acrt_stdio_flush_and_write_narrow_nolock 0000000140026f48     libucrt:_flsbuf.obj
 0004:00000f54       $pdata$qsort               0000000140026f54     libucrt:qsort.obj
 0004:00000f60       $pdata$4$qsort             0000000140026f60     libucrt:qsort.obj
 0004:00000f6c       $pdata$5$qsort             0000000140026f6c     libucrt:qsort.obj
 0004:00000f78       $pdata$strncpy_s           0000000140026f78     libucrt:strncpy_s.obj
 0004:00000f84       $pdata$fallbackMethod      0000000140026f84     libucrt:strpbrk.obj
 0004:00000f90       $pdata$strpbrk             0000000140026f90     libucrt:strpbrk.obj
 0004:00000f9c       $pdata$_mbsdec_l           0000000140026f9c     libucrt:mbsdec.obj
 0004:00000fa8       $pdata$?__acrt_LCMapStringA_stat@@YAHPEAU__crt_locale_pointers@@PEB_WKPEBDHPEADHHH@Z 0000000140026fa8     libucrt:lcmapstringa.obj
 0004:00000fb4       $pdata$__acrt_LCMapStringA 0000000140026fb4     libucrt:lcmapstringa.obj
 0004:00000fc0       $pdata$?initialize_multibyte@@YAHXZ 0000000140026fc0     libucrt:multibyte_initializer.obj
 0004:00000fcc       $pdata$_strnicoll_l        0000000140026fcc     libucrt:strnicol.obj
 0004:00000fd8       $pdata$__acrt_SetEnvironmentVariableA 0000000140026fd8     libucrt:setenvironmentvariablea.obj
 0004:00000fe4       $pdata$_msize_base         0000000140026fe4     libucrt:msize.obj
 0004:00000ff0       $pdata$_realloc_base       0000000140026ff0     libucrt:realloc_base.obj
 0004:00000ffc       $pdata$_putwch_nolock      0000000140026ffc     libucrt:putwch.obj
 0004:00001008       $pdata$_chsize_nolock      0000000140027008     libucrt:chsize.obj
 0004:00001014       $pdata$?__mbrtoc32_utf8@__crt_mbstring@@YA_KPEA_UPEBD_KPEAU_Mbstatet@@@Z 0000000140027014     libucrt:mbrtoc32.obj
 0004:00001020       $pdata$fegetenv            0000000140027020     libucrt:fegetenv.obj
 0004:0000102c       $pdata$fesetenv            000000014002702c     libucrt:fesetenv.obj
 0004:00001038       $pdata$feholdexcept        0000000140027038     libucrt:feholdexcept.obj
 0004:00001050       $pdata$?InternalCompareStringA@@YAHPEAU__crt_locale_pointers@@PEB_WKPEBDH2HH@Z 0000000140027050     libucrt:comparestringa.obj
 0004:0000105c       $pdata$__acrt_CompareStringA 000000014002705c     libucrt:comparestringa.obj
 0004:00001068       $pdata$__dcrt_lowio_ensure_console_output_initialized 0000000140027068     libucrt:initcon.obj
 0004:00001074       $pdata$__dcrt_terminate_console_output 0000000140027074     libucrt:initcon.obj
 0004:00001080       $pdata$__dcrt_write_console 0000000140027080     libucrt:initcon.obj
 0004:0000108c       $pdata$__acrt_fenv_set_control 000000014002708c     libucrt:_fenvutils.obj
 0004:00001098       $pdata$_clearfp            0000000140027098     libucrt:ieee.obj
 0004:000010a4       $pdata$_call_matherr       00000001400270a4     libucrt:libm_error.obj
 0004:000010b0       $pdata$_exception_enabled  00000001400270b0     libucrt:libm_error.obj
 0004:000010bc       $pdata$_handle_error       00000001400270bc     libucrt:libm_error.obj
 0004:000010c8       $pdata$__acrt_initialize_fma3 00000001400270c8     libucrt:fma3_available.obj
 0004:000010d4       $pdata$_log10_special      00000001400270d4     libucrt:log_special.obj
 0004:000010e0       $pdata$_log_special_common 00000001400270e0     libucrt:log_special.obj
 0004:000010f8       $pdata$_raise_exc          00000001400270f8     libucrt:fpexcept.obj
 0004:00001104       $pdata$_raise_exc_ex       0000000140027104     libucrt:fpexcept.obj
 0004:00001110       $pdata$_set_errno_from_matherr 0000000140027110     libucrt:fpexcept.obj
 0004:0000111c       $pdata$_clrfp              000000014002711c     libucrt:fpctrl.obj
 0004:00001128       $pdata$_ctrlfp             0000000140027128     libucrt:fpctrl.obj
 0004:00001134       $pdata$_set_statfp         0000000140027134     libucrt:fpctrl.obj
 0004:00001140       $pdata$_statfp             0000000140027140     libucrt:fpctrl.obj
 0004:0000114c       $pdata$?OutChars@@YAXPEAUformat_dest@@PEAD@Z 000000014002714c     libcommon:libcommon.obj
 0004:00001158       $pdata$?U64ToASCII@@YAXPEAUformat_dest@@_KIPEAD@Z 0000000140027158     libcommon:libcommon.obj
 0004:00001164       $pdata$?F64ToASCII@@YAXPEAUformat_dest@@NI@Z 0000000140027164     libcommon:libcommon.obj
 0004:00001170       $pdata$?FormatArgList@@YA_K_KPEAD11@Z 0000000140027170     libcommon:libcommon.obj
 0004:0000117c       $pdata$?IsTokenValid@@YAHUtoken@@@Z 000000014002717c     libcommon:libcommon.obj
 0004:00001188       $pdata$?TokenEquals@@YAHUtoken@@PEAD@Z 0000000140027188     libcommon:libcommon.obj
 0004:00001194       $pdata$?GetToken@@YA?AUtoken@@PEAUtokenizer@@@Z 0000000140027194     libcommon:libcommon.obj
 0004:000011a0       $pdata$?PeekToken@@YA?AUtoken@@PEAUtokenizer@@@Z 00000001400271a0     libcommon:libcommon.obj
 0004:000011ac       $pdata$?Tokenize@@YA?AUtokenizer@@Ustring@@PEAD@Z 00000001400271ac     libcommon:libcommon.obj
 0004:000011b8       $pdata$?Refill@@YAXPEAUtokenizer@@@Z 00000001400271b8     libcommon:libcommon.obj
 0004:000011c4       $pdata$?AdvanceInput@@YAXPEAUtokenizer@@I@Z 00000001400271c4     libcommon:libcommon.obj
 0004:000011d0       $pdata$?Advance@@YAPEAEPEAUstring@@_K@Z 00000001400271d0     libcommon:libcommon.obj
 0004:000011dc       $pdata$?IsAlphabetical@@YAHD@Z 00000001400271dc     libcommon:libcommon.obj
 0004:000011e8       $pdata$?IsEndOfLine@@YAHD@Z 00000001400271e8     libcommon:libcommon.obj
 0004:000011f4       $pdata$?IsNumeric@@YAHD@Z  00000001400271f4     libcommon:libcommon.obj
 0004:00001200       $pdata$?IsSpacing@@YAHD@Z  0000000140027200     libcommon:libcommon.obj
 0004:0000120c       $pdata$?StringToI32@@YAHPEAD@Z 000000014002720c     libcommon:libcommon.obj
 0004:00001218       $pdata$?StringToI32_@@YAHPEAPEAD@Z 0000000140027218     libcommon:libcommon.obj
 0004:00001224       $pdata$_IsNonwritableInCurrentImage 0000000140027224     libcmt:pesect.obj
 0004:00001230       $pdata$__GSHandlerCheck    0000000140027230     libcmt:gshandler.obj
 0004:0000123c       $pdata$__GSHandlerCheckCommon 000000014002723c     libcmt:gshandler.obj
 0004:00001260       $pdata$__raise_securityfailure 0000000140027260     libcmt:gs_report.obj
 0004:0000126c       $pdata$__report_gsfailure  000000014002726c     libcmt:gs_report.obj
 0004:00001278       $pdata$__report_rangecheckfailure 0000000140027278     libcmt:gs_report.obj
 0004:00001284       $pdata$__report_securityfailure 0000000140027284     libcmt:gs_report.obj
 0004:00001290       $pdata$capture_current_context 0000000140027290     libcmt:gs_report.obj
 0004:0000129c       $pdata$capture_previous_context 000000014002729c     libcmt:gs_report.obj
 0004:000012c0       $pdata$?filt$0@?0??__scrt_common_main_seh@@YAHXZ@4HA 00000001400272c0     libcmt:exe_main.obj
 0004:000012cc       $pdata$__scrt_is_nonwritable_in_current_image$filt$0 00000001400272cc     libcmt:utility.obj
 0004:000012d8       $pdata$__DestructExceptionObject$filt$0 00000001400272d8     libvcruntime:ehhelpers.obj
 0004:000012e4       $pdata$fclose$fin$0        00000001400272e4     libucrt:fclose.obj
 0004:000012e4       $pdata$?fin$0@?0??common_fseek@@YAHV__crt_stdio_stream@@_JH@Z@4HA 00000001400272e4     libucrt:fseek.obj
 0004:000012e4       $pdata$?fin$0@?0???$common_ftell@J@@YAJV__crt_stdio_stream@@@Z@4HA 00000001400272e4     libucrt:ftell.obj
 0004:000012f0       $pdata$?fin$0@?0???$common_fsopen@D@@YAPEAU_iobuf@@QEBD0H@Z@4HA 00000001400272f0     libucrt:fopen.obj
 0004:000012fc       $pdata$fread_s$fin$0       00000001400272fc     libucrt:fread.obj
 0004:00001308       $pdata$?fin$0@?0???$?RV<lambda_842d9ff0dc9ef11c61343bbaebe7f885>@@AEAV<lambda_c5860995281e5c4ce005b3de8f5874ee>@@V<lambda_d90129c13df834fdcbf8d2b88dafcf2d>@@@?$__crt_seh_guarded_call@X@@QEAAX$$QEAV<lambda_842d9ff0dc9ef11c61343bbaebe7f885>@@AEAV<lambda_c5860995281e5c4ce005b3de8f5874ee>@@$$QEAV<lambda_d90129c13df834fdcbf8d2b88dafcf2d>@@@Z@4HA 0000000140027308     libucrt:fflush.obj
 0004:00001308       $pdata$?fin$0@?0???$?RV<lambda_fe5404e9642edbb7c8ae71e1dcfa4018>@@AEAV<lambda_36eeb330e99a4f0bf8a7da86d0894cb9>@@V<lambda_2fa474834de80dc12f7a3c6eddd7a366>@@@?$__crt_seh_guarded_call@H@@QEAAH$$QEAV<lambda_fe5404e9642edbb7c8ae71e1dcfa4018>@@AEAV<lambda_36eeb330e99a4f0bf8a7da86d0894cb9>@@$$QEAV<lambda_2fa474834de80dc12f7a3c6eddd7a366>@@@Z@4HA 0000000140027308     libucrt:output.obj
 0004:00001314       $pdata$?fin$0@?0???$?RV<lambda_0ae27a3a962d80f24befdcbee591983d>@@AEAV<lambda_8d0ee55de4b1038c4002e0adecdf1839>@@V<lambda_dc504788e8f1664fe9b84e20bfb512f2>@@@?$__crt_seh_guarded_call@X@@QEAAX$$QEAV<lambda_0ae27a3a962d80f24befdcbee591983d>@@AEAV<lambda_8d0ee55de4b1038c4002e0adecdf1839>@@$$QEAV<lambda_dc504788e8f1664fe9b84e20bfb512f2>@@@Z@4HA 0000000140027314     libucrt:per_thread_data.obj
 0004:00001314       $pdata$?fin$0@?0???$?RV<lambda_2d41944a1d46af3157314b8a01080d33>@@AEAV<lambda_8f455de75cd7d7f24b4096f044d8b9e6>@@V<lambda_aa500f224e6afead328df44964fe2772>@@@?$__crt_seh_guarded_call@X@@QEAAX$$QEAV<lambda_2d41944a1d46af3157314b8a01080d33>@@AEAV<lambda_8f455de75cd7d7f24b4096f044d8b9e6>@@$$QEAV<lambda_aa500f224e6afead328df44964fe2772>@@@Z@4HA 0000000140027314     libucrt:per_thread_data.obj
 0004:00001314       $pdata$?fin$0@?0???$?RV<lambda_aa87e3671a710a21b5dc78c0bdf72e11>@@AEAV<lambda_92619d2358a28f41a33ba319515a20b9>@@V<lambda_6992ecaafeb10aed2b74cb1fae11a551>@@@?$__crt_seh_guarded_call@X@@QEAAX$$QEAV<lambda_aa87e3671a710a21b5dc78c0bdf72e11>@@AEAV<lambda_92619d2358a28f41a33ba319515a20b9>@@$$QEAV<lambda_6992ecaafeb10aed2b74cb1fae11a551>@@@Z@4HA 0000000140027314     libucrt:per_thread_data.obj
 0004:00001314       $pdata$?fin$0@?0???$?RV<lambda_f2e299630e499de9f9a165e60fcd3db5>@@AEAV<lambda_2ae9d31cdba2644fcbeaf08da7c24588>@@V<lambda_40d01ff24d0e7b3814fdbdcee8eab3c7>@@@?$__crt_seh_guarded_call@X@@QEAAX$$QEAV<lambda_f2e299630e499de9f9a165e60fcd3db5>@@AEAV<lambda_2ae9d31cdba2644fcbeaf08da7c24588>@@$$QEAV<lambda_40d01ff24d0e7b3814fdbdcee8eab3c7>@@@Z@4HA 0000000140027314     libucrt:per_thread_data.obj
 0004:00001314       $pdata$?fin$0@?0???$?RV<lambda_efdfa57d1f175319df784efa44bb7b81>@@AEAV<lambda_5f0a4c1567f8adc6734073e5d1e1b35c>@@V<lambda_2e8a7d3640ea6ccb4c2413664c2db6fd>@@@?$__crt_seh_guarded_call@X@@QEAAX$$QEAV<lambda_efdfa57d1f175319df784efa44bb7b81>@@AEAV<lambda_5f0a4c1567f8adc6734073e5d1e1b35c>@@$$QEAV<lambda_2e8a7d3640ea6ccb4c2413664c2db6fd>@@@Z@4HA 0000000140027314     libucrt:mbctype.obj
 0004:00001314       $pdata$?fin$0@?0???$?RV<lambda_450d765d439847d4c735a33c368b5fc0>@@AEAV<lambda_44731a7d0e6d81c3e6aa82d741081786>@@V<lambda_601a2a7da3b7a96e9554ac7215c4b07c>@@@?$__crt_seh_guarded_call@P6AXH@Z@@QEAAP6AXH@Z$$QEAV<lambda_450d765d439847d4c735a33c368b5fc0>@@AEAV<lambda_44731a7d0e6d81c3e6aa82d741081786>@@$$QEAV<lambda_601a2a7da3b7a96e9554ac7215c4b07c>@@@Z@4HA 0000000140027314     libucrt:signal.obj
 0004:00001314       $pdata$?fin$0@?0???$?RV<lambda_d80eeec6fff315bfe5c115232f3240e3>@@AEAV<lambda_6e4b09c48022b2350581041d5f6b0c4c>@@V<lambda_2358e3775559c9db80273638284d5e45>@@@?$__crt_seh_guarded_call@X@@QEAAX$$QEAV<lambda_d80eeec6fff315bfe5c115232f3240e3>@@AEAV<lambda_6e4b09c48022b2350581041d5f6b0c4c>@@$$QEAV<lambda_2358e3775559c9db80273638284d5e45>@@@Z@4HA 0000000140027314     libucrt:exit.obj
 0004:00001314       $pdata$?fin$0@?0???$?RV<lambda_638799b9deba96c50f710eeac98168cd>@@AEAV<lambda_22ebabd17bc4fa466a2aca6d8deb888d>@@V<lambda_a6f7d7db0129f75315ebf26d50c089f1>@@@?$__crt_seh_guarded_call@H@@QEAAH$$QEAV<lambda_638799b9deba96c50f710eeac98168cd>@@AEAV<lambda_22ebabd17bc4fa466a2aca6d8deb888d>@@$$QEAV<lambda_a6f7d7db0129f75315ebf26d50c089f1>@@@Z@4HA 0000000140027314     libucrt:onexit.obj
 0004:00001314       $pdata$?fin$0@?0???$?RV<lambda_7777bce6b2f8c936911f934f8298dc43>@@AEAV<lambda_f03950bc5685219e0bcd2087efbe011e>@@V<lambda_3883c3dff614d5e0c5f61bb1ac94921c>@@@?$__crt_seh_guarded_call@H@@QEAAH$$QEAV<lambda_7777bce6b2f8c936911f934f8298dc43>@@AEAV<lambda_f03950bc5685219e0bcd2087efbe011e>@@$$QEAV<lambda_3883c3dff614d5e0c5f61bb1ac94921c>@@@Z@4HA 0000000140027314     libucrt:onexit.obj
 0004:00001320       $pdata$?filt$0@?0???R<lambda_6e4b09c48022b2350581041d5f6b0c4c>@@QEBA@XZ@4HA 0000000140027320     libucrt:exit.obj
 0004:0000132c       $pdata$?fin$0@?0???$?RV<lambda_410d79af7f07d98d83a3f525b3859a53>@@AEAV<lambda_3e16ef9562a7dcce91392c22ab16ea36>@@V<lambda_38119f0e861e05405d8a144b9b982f0a>@@@?$__crt_seh_guarded_call@X@@QEAAX$$QEAV<lambda_410d79af7f07d98d83a3f525b3859a53>@@AEAV<lambda_3e16ef9562a7dcce91392c22ab16ea36>@@$$QEAV<lambda_38119f0e861e05405d8a144b9b982f0a>@@@Z@4HA 000000014002732c     libucrt:wsetlocale.obj
 0004:00001338       $pdata$_fcloseall$fin$0    0000000140027338     libucrt:closeall.obj
 0004:00001338       $pdata$?fin$0@?0??__acrt_stdio_allocate_stream@@YA?AV__crt_stdio_stream@@XZ@4HA 0000000140027338     libucrt:stream.obj
 0004:00001344       $pdata$?fin$0@?0???$?RV<lambda_886d6c58226a84441f68b9f2b8217b83>@@AEAV<lambda_ab61a845afdef5b7c387490eaf3616ee>@@V<lambda_f7f22ab5edc0698d5f6905b0d3f44752>@@@?$__crt_seh_guarded_call@X@@QEAAX$$QEAV<lambda_886d6c58226a84441f68b9f2b8217b83>@@AEAV<lambda_ab61a845afdef5b7c387490eaf3616ee>@@$$QEAV<lambda_f7f22ab5edc0698d5f6905b0d3f44752>@@@Z@4HA 0000000140027344     libucrt:fflush.obj
 0004:00001350       $pdata$__acrt_initialize_lowio$fin$0 0000000140027350     libucrt:ioinit.obj
 0004:00001350       $pdata$__acrt_lowio_ensure_fh_exists$fin$0 0000000140027350     libucrt:osfinfo.obj
 0004:00001350       $pdata$_alloc_osfhnd$fin$0 0000000140027350     libucrt:osfinfo.obj
 0004:0000135c       $pdata$?fin$0@?0???$?RV<lambda_751a882b2c74d4b022dec766aa51a29a>@@AEAV<lambda_628dfdc04ba53c8bfc02c9951375f3f5>@@V<lambda_f6c7be5f7998530c34de24c7437d6b54>@@@?$__crt_seh_guarded_call@H@@QEAAH$$QEAV<lambda_751a882b2c74d4b022dec766aa51a29a>@@AEAV<lambda_628dfdc04ba53c8bfc02c9951375f3f5>@@$$QEAV<lambda_f6c7be5f7998530c34de24c7437d6b54>@@@Z@4HA 000000014002735c     libucrt:close.obj
 0004:0000135c       $pdata$?fin$0@?0???$?RV<lambda_a37b2b86f63e897a80ea819b0eb08c01>@@AEAV<lambda_38ce7e780aa69e748d6df282ebc68efe>@@V<lambda_99fb1378e971ab6e7edea83e3a7a83a2>@@@?$__crt_seh_guarded_call@H@@QEAAH$$QEAV<lambda_a37b2b86f63e897a80ea819b0eb08c01>@@AEAV<lambda_38ce7e780aa69e748d6df282ebc68efe>@@$$QEAV<lambda_99fb1378e971ab6e7edea83e3a7a83a2>@@@Z@4HA 000000014002735c     libucrt:commit.obj
 0004:00001368       $pdata$_read$fin$0         0000000140027368     libucrt:read.obj
 0004:00001374       $pdata$?fin$0@?0???$common_lseek@_J@@YA_JH_JH@Z@4HA 0000000140027374     libucrt:lseek.obj
 0004:00001374       $pdata$_write$fin$0        0000000140027374     libucrt:write.obj
 0004:00001380       $pdata$?fin$0@?0??update_thread_multibyte_data_internal@@YAPEAU__crt_multibyte_data@@QEAU__acrt_ptd@@QEAPEAU1@@Z@4HA 0000000140027380     libucrt:mbctype.obj
 0004:0000138c       $pdata$__acrt_update_thread_locale_data$fin$0 000000014002738c     libucrt:locale_refcounting.obj
 0004:00001398       $pdata$_query_new_handler$fin$0 0000000140027398     libucrt:new_handler.obj
 0004:000013a4       $pdata$raise$fin$0         00000001400273a4     libucrt:signal.obj
 0004:000013b0       $pdata$?fin$0@?0???$common_sopen_dispatch@D@@YAHQEBDHHHQEAHH@Z@4HA 00000001400273b0     libucrt:open.obj
 0004:000013bc       $pdata$_ctrlfp$filt$0      00000001400273bc     libucrt:fpctrl.obj
 0004:000013c8       $pdata$_IsNonwritableInCurrentImage$filt$0 00000001400273c8     libcmt:pesect.obj
 0005:00000000       MsetTab                    0000000140028000     libvcruntime:memset.obj
 0005:00000050       MoveSmall                  0000000140028050     libvcruntime:memcpy.obj
