Archive member included to satisfy reference by file (symbol)

/storage/Shared/Documents/Projects/ePenguin/ePenguin-Software-Framework/toolchains/arm/bin/../lib/gcc/arm-none-eabi/6.3.1/../../../../arm-none-eabi/lib/thumb/libc_nano.a(lib_a-exit.o)
                              /storage/Shared/Documents/Projects/ePenguin/ePenguin-Software-Framework/toolchains/arm/bin/../lib/gcc/arm-none-eabi/6.3.1/../../../../arm-none-eabi/lib/thumb/crt0.o (exit)
/storage/Shared/Documents/Projects/ePenguin/ePenguin-Software-Framework/toolchains/arm/bin/../lib/gcc/arm-none-eabi/6.3.1/../../../../arm-none-eabi/lib/thumb/libc_nano.a(lib_a-impure.o)
                              /storage/Shared/Documents/Projects/ePenguin/ePenguin-Software-Framework/toolchains/arm/bin/../lib/gcc/arm-none-eabi/6.3.1/../../../../arm-none-eabi/lib/thumb/libc_nano.a(lib_a-exit.o) (_global_impure_ptr)
/storage/Shared/Documents/Projects/ePenguin/ePenguin-Software-Framework/toolchains/arm/bin/../lib/gcc/arm-none-eabi/6.3.1/../../../../arm-none-eabi/lib/thumb/libc_nano.a(lib_a-init.o)
                              /storage/Shared/Documents/Projects/ePenguin/ePenguin-Software-Framework/toolchains/arm/bin/../lib/gcc/arm-none-eabi/6.3.1/../../../../arm-none-eabi/lib/thumb/crt0.o (__libc_init_array)
/storage/Shared/Documents/Projects/ePenguin/ePenguin-Software-Framework/toolchains/arm/bin/../lib/gcc/arm-none-eabi/6.3.1/../../../../arm-none-eabi/lib/thumb/libc_nano.a(lib_a-memset.o)
                              /storage/Shared/Documents/Projects/ePenguin/ePenguin-Software-Framework/toolchains/arm/bin/../lib/gcc/arm-none-eabi/6.3.1/../../../../arm-none-eabi/lib/thumb/crt0.o (memset)

Discarded input sections

 .text          0x0000000000000000        0x0 /storage/Shared/Documents/Projects/ePenguin/ePenguin-Software-Framework/toolchains/arm/bin/../lib/gcc/arm-none-eabi/6.3.1/thumb/crti.o
 .data          0x0000000000000000        0x0 /storage/Shared/Documents/Projects/ePenguin/ePenguin-Software-Framework/toolchains/arm/bin/../lib/gcc/arm-none-eabi/6.3.1/thumb/crti.o
 .bss           0x0000000000000000        0x0 /storage/Shared/Documents/Projects/ePenguin/ePenguin-Software-Framework/toolchains/arm/bin/../lib/gcc/arm-none-eabi/6.3.1/thumb/crti.o
 .data          0x0000000000000000        0x4 /storage/Shared/Documents/Projects/ePenguin/ePenguin-Software-Framework/toolchains/arm/bin/../lib/gcc/arm-none-eabi/6.3.1/thumb/crtbegin.o
 .text          0x0000000000000000       0xfc /storage/Shared/Documents/Projects/ePenguin/ePenguin-Software-Framework/toolchains/arm/bin/../lib/gcc/arm-none-eabi/6.3.1/../../../../arm-none-eabi/lib/thumb/crt0.o
 .data          0x0000000000000000        0x0 /storage/Shared/Documents/Projects/ePenguin/ePenguin-Software-Framework/toolchains/arm/bin/../lib/gcc/arm-none-eabi/6.3.1/../../../../arm-none-eabi/lib/thumb/crt0.o
 .bss           0x0000000000000000        0x0 /storage/Shared/Documents/Projects/ePenguin/ePenguin-Software-Framework/toolchains/arm/bin/../lib/gcc/arm-none-eabi/6.3.1/../../../../arm-none-eabi/lib/thumb/crt0.o
 .ARM.extab     0x0000000000000000        0x0 /storage/Shared/Documents/Projects/ePenguin/ePenguin-Software-Framework/toolchains/arm/bin/../lib/gcc/arm-none-eabi/6.3.1/../../../../arm-none-eabi/lib/thumb/crt0.o
 .ARM.exidx     0x0000000000000000        0x8 /storage/Shared/Documents/Projects/ePenguin/ePenguin-Software-Framework/toolchains/arm/bin/../lib/gcc/arm-none-eabi/6.3.1/../../../../arm-none-eabi/lib/thumb/crt0.o
 .ARM.attributes
                0x0000000000000000       0x1a /storage/Shared/Documents/Projects/ePenguin/ePenguin-Software-Framework/toolchains/arm/bin/../lib/gcc/arm-none-eabi/6.3.1/../../../../arm-none-eabi/lib/thumb/crt0.o
 .group         0x0000000000000000        0x8 ESF/mcu/src/startup_samd21j18a.o
 .group         0x0000000000000000        0x8 ESF/mcu/src/startup_samd21j18a.o
 .group         0x0000000000000000        0x8 ESF/mcu/src/startup_samd21j18a.o
 .group         0x0000000000000000        0x8 ESF/mcu/src/startup_samd21j18a.o
 .group         0x0000000000000000        0x8 ESF/mcu/src/startup_samd21j18a.o
 .group         0x0000000000000000        0x8 ESF/mcu/src/startup_samd21j18a.o
 .group         0x0000000000000000        0x8 ESF/mcu/src/startup_samd21j18a.o
 .group         0x0000000000000000        0x8 ESF/mcu/src/startup_samd21j18a.o
 .group         0x0000000000000000        0x8 ESF/mcu/src/startup_samd21j18a.o
 .group         0x0000000000000000        0x8 ESF/mcu/src/startup_samd21j18a.o
 .group         0x0000000000000000        0x8 ESF/mcu/src/startup_samd21j18a.o
 .group         0x0000000000000000        0x8 ESF/mcu/src/startup_samd21j18a.o
 .group         0x0000000000000000        0x8 ESF/mcu/src/startup_samd21j18a.o
 .group         0x0000000000000000        0x8 ESF/mcu/src/startup_samd21j18a.o
 .group         0x0000000000000000        0x8 ESF/mcu/src/startup_samd21j18a.o
 .group         0x0000000000000000        0x8 ESF/mcu/src/startup_samd21j18a.o
 .group         0x0000000000000000        0x8 ESF/mcu/src/startup_samd21j18a.o
 .group         0x0000000000000000        0x8 ESF/mcu/src/startup_samd21j18a.o
 .group         0x0000000000000000        0x8 ESF/mcu/src/startup_samd21j18a.o
 .group         0x0000000000000000        0x8 ESF/mcu/src/startup_samd21j18a.o
 .group         0x0000000000000000        0x8 ESF/mcu/src/startup_samd21j18a.o
 .group         0x0000000000000000        0x8 ESF/mcu/src/startup_samd21j18a.o
 .group         0x0000000000000000        0x8 ESF/mcu/src/startup_samd21j18a.o
 .group         0x0000000000000000        0x8 ESF/mcu/src/startup_samd21j18a.o
 .group         0x0000000000000000        0x8 ESF/mcu/src/startup_samd21j18a.o
 .group         0x0000000000000000        0x8 ESF/mcu/src/startup_samd21j18a.o
 .group         0x0000000000000000        0x8 ESF/mcu/src/startup_samd21j18a.o
 .group         0x0000000000000000        0x8 ESF/mcu/src/startup_samd21j18a.o
 .group         0x0000000000000000        0x8 ESF/mcu/src/startup_samd21j18a.o
 .group         0x0000000000000000        0x8 ESF/mcu/src/startup_samd21j18a.o
 .group         0x0000000000000000        0x8 ESF/mcu/src/startup_samd21j18a.o
 .group         0x0000000000000000        0x8 ESF/mcu/src/startup_samd21j18a.o
 .group         0x0000000000000000        0x8 ESF/mcu/src/startup_samd21j18a.o
 .group         0x0000000000000000        0x8 ESF/mcu/src/startup_samd21j18a.o
 .group         0x0000000000000000        0x8 ESF/mcu/src/startup_samd21j18a.o
 .group         0x0000000000000000        0x8 ESF/mcu/src/startup_samd21j18a.o
 .group         0x0000000000000000        0x8 ESF/mcu/src/startup_samd21j18a.o
 .group         0x0000000000000000        0x8 ESF/mcu/src/startup_samd21j18a.o
 .data          0x0000000000000000        0x0 ESF/mcu/src/startup_samd21j18a.o
 .bss           0x0000000000000000        0x0 ESF/mcu/src/startup_samd21j18a.o
 .group         0x0000000000000000        0x8 ESF/mcu/src/system_samd21j18a.o
 .group         0x0000000000000000        0x8 ESF/mcu/src/system_samd21j18a.o
 .group         0x0000000000000000        0x8 ESF/mcu/src/system_samd21j18a.o
 .group         0x0000000000000000        0x8 ESF/mcu/src/system_samd21j18a.o
 .group         0x0000000000000000        0x8 ESF/mcu/src/system_samd21j18a.o
 .group         0x0000000000000000        0x8 ESF/mcu/src/system_samd21j18a.o
 .group         0x0000000000000000        0x8 ESF/mcu/src/system_samd21j18a.o
 .group         0x0000000000000000        0x8 ESF/mcu/src/system_samd21j18a.o
 .group         0x0000000000000000        0x8 ESF/mcu/src/system_samd21j18a.o
 .group         0x0000000000000000        0x8 ESF/mcu/src/system_samd21j18a.o
 .group         0x0000000000000000        0x8 ESF/mcu/src/system_samd21j18a.o
 .group         0x0000000000000000        0x8 ESF/mcu/src/system_samd21j18a.o
 .group         0x0000000000000000        0x8 ESF/mcu/src/system_samd21j18a.o
 .group         0x0000000000000000        0x8 ESF/mcu/src/system_samd21j18a.o
 .group         0x0000000000000000        0x8 ESF/mcu/src/system_samd21j18a.o
 .group         0x0000000000000000        0x8 ESF/mcu/src/system_samd21j18a.o
 .group         0x0000000000000000        0x8 ESF/mcu/src/system_samd21j18a.o
 .group         0x0000000000000000        0x8 ESF/mcu/src/system_samd21j18a.o
 .group         0x0000000000000000        0x8 ESF/mcu/src/system_samd21j18a.o
 .group         0x0000000000000000        0x8 ESF/mcu/src/system_samd21j18a.o
 .group         0x0000000000000000        0x8 ESF/mcu/src/system_samd21j18a.o
 .group         0x0000000000000000        0x8 ESF/mcu/src/system_samd21j18a.o
 .group         0x0000000000000000        0x8 ESF/mcu/src/system_samd21j18a.o
 .group         0x0000000000000000        0x8 ESF/mcu/src/system_samd21j18a.o
 .group         0x0000000000000000        0x8 ESF/mcu/src/system_samd21j18a.o
 .group         0x0000000000000000        0x8 ESF/mcu/src/system_samd21j18a.o
 .group         0x0000000000000000        0x8 ESF/mcu/src/system_samd21j18a.o
 .group         0x0000000000000000        0x8 ESF/mcu/src/system_samd21j18a.o
 .group         0x0000000000000000        0x8 ESF/mcu/src/system_samd21j18a.o
 .group         0x0000000000000000        0x8 ESF/mcu/src/system_samd21j18a.o
 .group         0x0000000000000000        0x8 ESF/mcu/src/system_samd21j18a.o
 .group         0x0000000000000000        0x8 ESF/mcu/src/system_samd21j18a.o
 .group         0x0000000000000000        0x8 ESF/mcu/src/system_samd21j18a.o
 .group         0x0000000000000000        0x8 ESF/mcu/src/system_samd21j18a.o
 .group         0x0000000000000000        0x8 ESF/mcu/src/system_samd21j18a.o
 .group         0x0000000000000000        0x8 ESF/mcu/src/system_samd21j18a.o
 .group         0x0000000000000000        0x8 ESF/mcu/src/system_samd21j18a.o
 .group         0x0000000000000000        0x8 ESF/mcu/src/system_samd21j18a.o
 .text          0x0000000000000000       0x20 ESF/mcu/src/system_samd21j18a.o
 .data          0x0000000000000000        0x4 ESF/mcu/src/system_samd21j18a.o
 .bss           0x0000000000000000        0x0 ESF/mcu/src/system_samd21j18a.o
 .debug_info    0x0000000000000000       0xc3 ESF/mcu/src/system_samd21j18a.o
 .debug_abbrev  0x0000000000000000       0x7b ESF/mcu/src/system_samd21j18a.o
 .debug_aranges
                0x0000000000000000       0x20 ESF/mcu/src/system_samd21j18a.o
 .debug_macro   0x0000000000000000      0x1a3 ESF/mcu/src/system_samd21j18a.o
 .debug_macro   0x0000000000000000      0x8a4 ESF/mcu/src/system_samd21j18a.o
 .debug_macro   0x0000000000000000       0x1c ESF/mcu/src/system_samd21j18a.o
 .debug_macro   0x0000000000000000       0x22 ESF/mcu/src/system_samd21j18a.o
 .debug_macro   0x0000000000000000       0x87 ESF/mcu/src/system_samd21j18a.o
 .debug_macro   0x0000000000000000       0x51 ESF/mcu/src/system_samd21j18a.o
 .debug_macro   0x0000000000000000       0xef ESF/mcu/src/system_samd21j18a.o
 .debug_macro   0x0000000000000000       0x6a ESF/mcu/src/system_samd21j18a.o
 .debug_macro   0x0000000000000000      0x1df ESF/mcu/src/system_samd21j18a.o
 .debug_macro   0x0000000000000000       0x7f ESF/mcu/src/system_samd21j18a.o
 .debug_macro   0x0000000000000000       0x1c ESF/mcu/src/system_samd21j18a.o
 .debug_macro   0x0000000000000000       0x22 ESF/mcu/src/system_samd21j18a.o
 .debug_macro   0x0000000000000000       0xb5 ESF/mcu/src/system_samd21j18a.o
 .debug_macro   0x0000000000000000      0x3ad ESF/mcu/src/system_samd21j18a.o
 .debug_macro   0x0000000000000000      0x72b ESF/mcu/src/system_samd21j18a.o
 .debug_macro   0x0000000000000000      0x946 ESF/mcu/src/system_samd21j18a.o
 .debug_macro   0x0000000000000000      0x289 ESF/mcu/src/system_samd21j18a.o
 .debug_macro   0x0000000000000000      0xfb7 ESF/mcu/src/system_samd21j18a.o
 .debug_macro   0x0000000000000000      0x52d ESF/mcu/src/system_samd21j18a.o
 .debug_macro   0x0000000000000000      0xc48 ESF/mcu/src/system_samd21j18a.o
 .debug_macro   0x0000000000000000      0x957 ESF/mcu/src/system_samd21j18a.o
 .debug_macro   0x0000000000000000      0x47c ESF/mcu/src/system_samd21j18a.o
 .debug_macro   0x0000000000000000       0x58 ESF/mcu/src/system_samd21j18a.o
 .debug_macro   0x0000000000000000      0xa6e ESF/mcu/src/system_samd21j18a.o
 .debug_macro   0x0000000000000000      0x23e ESF/mcu/src/system_samd21j18a.o
 .debug_macro   0x0000000000000000      0x3fe ESF/mcu/src/system_samd21j18a.o
 .debug_macro   0x0000000000000000       0x52 ESF/mcu/src/system_samd21j18a.o
 .debug_macro   0x0000000000000000      0x80e ESF/mcu/src/system_samd21j18a.o
 .debug_macro   0x0000000000000000      0x3d8 ESF/mcu/src/system_samd21j18a.o
 .debug_macro   0x0000000000000000      0xe53 ESF/mcu/src/system_samd21j18a.o
 .debug_macro   0x0000000000000000     0x2675 ESF/mcu/src/system_samd21j18a.o
 .debug_macro   0x0000000000000000     0x10e2 ESF/mcu/src/system_samd21j18a.o
 .debug_macro   0x0000000000000000      0x793 ESF/mcu/src/system_samd21j18a.o
 .debug_macro   0x0000000000000000     0x20f6 ESF/mcu/src/system_samd21j18a.o
 .debug_macro   0x0000000000000000     0x193f ESF/mcu/src/system_samd21j18a.o
 .debug_macro   0x0000000000000000      0x348 ESF/mcu/src/system_samd21j18a.o
 .debug_macro   0x0000000000000000      0x30d ESF/mcu/src/system_samd21j18a.o
 .debug_macro   0x0000000000000000     0x232d ESF/mcu/src/system_samd21j18a.o
 .debug_macro   0x0000000000000000      0x3d8 ESF/mcu/src/system_samd21j18a.o
 .debug_line    0x0000000000000000      0x42a ESF/mcu/src/system_samd21j18a.o
 .debug_str     0x0000000000000000    0x938a4 ESF/mcu/src/system_samd21j18a.o
 .comment       0x0000000000000000       0x5a ESF/mcu/src/system_samd21j18a.o
 .debug_frame   0x0000000000000000       0x30 ESF/mcu/src/system_samd21j18a.o
 .ARM.attributes
                0x0000000000000000       0x32 ESF/mcu/src/system_samd21j18a.o
 .group         0x0000000000000000        0x8 src/main.o
 .group         0x0000000000000000        0x8 src/main.o
 .group         0x0000000000000000        0x8 src/main.o
 .group         0x0000000000000000        0x8 src/main.o
 .group         0x0000000000000000        0x8 src/main.o
 .group         0x0000000000000000        0x8 src/main.o
 .group         0x0000000000000000        0x8 src/main.o
 .group         0x0000000000000000        0x8 src/main.o
 .group         0x0000000000000000        0x8 src/main.o
 .group         0x0000000000000000        0x8 src/main.o
 .group         0x0000000000000000        0x8 src/main.o
 .group         0x0000000000000000        0x8 src/main.o
 .group         0x0000000000000000        0x8 src/main.o
 .group         0x0000000000000000        0x8 src/main.o
 .group         0x0000000000000000        0x8 src/main.o
 .group         0x0000000000000000        0x8 src/main.o
 .group         0x0000000000000000        0x8 src/main.o
 .group         0x0000000000000000        0x8 src/main.o
 .group         0x0000000000000000        0x8 src/main.o
 .group         0x0000000000000000        0x8 src/main.o
 .group         0x0000000000000000        0x8 src/main.o
 .group         0x0000000000000000        0x8 src/main.o
 .group         0x0000000000000000        0x8 src/main.o
 .group         0x0000000000000000        0x8 src/main.o
 .group         0x0000000000000000        0x8 src/main.o
 .group         0x0000000000000000        0x8 src/main.o
 .group         0x0000000000000000        0x8 src/main.o
 .group         0x0000000000000000        0x8 src/main.o
 .group         0x0000000000000000        0x8 src/main.o
 .group         0x0000000000000000        0x8 src/main.o
 .group         0x0000000000000000        0x8 src/main.o
 .group         0x0000000000000000        0x8 src/main.o
 .group         0x0000000000000000        0x8 src/main.o
 .group         0x0000000000000000        0x8 src/main.o
 .group         0x0000000000000000        0x8 src/main.o
 .group         0x0000000000000000        0x8 src/main.o
 .group         0x0000000000000000        0x8 src/main.o
 .group         0x0000000000000000        0x8 src/main.o
 .text          0x0000000000000000        0x0 src/main.o
 .data          0x0000000000000000        0x0 src/main.o
 .bss           0x0000000000000000        0x0 src/main.o
 .debug_macro   0x0000000000000000      0x8a4 src/main.o
 .debug_macro   0x0000000000000000       0x1c src/main.o
 .debug_macro   0x0000000000000000       0x22 src/main.o
 .debug_macro   0x0000000000000000       0x87 src/main.o
 .debug_macro   0x0000000000000000       0x51 src/main.o
 .debug_macro   0x0000000000000000       0xef src/main.o
 .debug_macro   0x0000000000000000       0x6a src/main.o
 .debug_macro   0x0000000000000000      0x1df src/main.o
 .debug_macro   0x0000000000000000       0x7f src/main.o
 .debug_macro   0x0000000000000000       0x1c src/main.o
 .debug_macro   0x0000000000000000       0x22 src/main.o
 .debug_macro   0x0000000000000000       0xb5 src/main.o
 .debug_macro   0x0000000000000000      0x3ad src/main.o
 .debug_macro   0x0000000000000000      0x72b src/main.o
 .debug_macro   0x0000000000000000      0x946 src/main.o
 .debug_macro   0x0000000000000000      0x289 src/main.o
 .debug_macro   0x0000000000000000      0xfb7 src/main.o
 .debug_macro   0x0000000000000000      0x52d src/main.o
 .debug_macro   0x0000000000000000      0xc48 src/main.o
 .debug_macro   0x0000000000000000      0x957 src/main.o
 .debug_macro   0x0000000000000000      0x47c src/main.o
 .debug_macro   0x0000000000000000       0x58 src/main.o
 .debug_macro   0x0000000000000000      0xa6e src/main.o
 .debug_macro   0x0000000000000000      0x23e src/main.o
 .debug_macro   0x0000000000000000      0x3fe src/main.o
 .debug_macro   0x0000000000000000       0x52 src/main.o
 .debug_macro   0x0000000000000000      0x80e src/main.o
 .debug_macro   0x0000000000000000      0x3d8 src/main.o
 .debug_macro   0x0000000000000000      0xe53 src/main.o
 .debug_macro   0x0000000000000000     0x2675 src/main.o
 .debug_macro   0x0000000000000000     0x10e2 src/main.o
 .debug_macro   0x0000000000000000      0x793 src/main.o
 .debug_macro   0x0000000000000000     0x20f6 src/main.o
 .debug_macro   0x0000000000000000     0x193f src/main.o
 .debug_macro   0x0000000000000000      0x348 src/main.o
 .debug_macro   0x0000000000000000      0x30d src/main.o
 .debug_macro   0x0000000000000000     0x232d src/main.o
 .debug_macro   0x0000000000000000      0x3d8 src/main.o
 .text          0x0000000000000000        0x0 /storage/Shared/Documents/Projects/ePenguin/ePenguin-Software-Framework/toolchains/arm/bin/../lib/gcc/arm-none-eabi/6.3.1/../../../../arm-none-eabi/lib/thumb/libc_nano.a(lib_a-exit.o)
 .data          0x0000000000000000        0x0 /storage/Shared/Documents/Projects/ePenguin/ePenguin-Software-Framework/toolchains/arm/bin/../lib/gcc/arm-none-eabi/6.3.1/../../../../arm-none-eabi/lib/thumb/libc_nano.a(lib_a-exit.o)
 .bss           0x0000000000000000        0x0 /storage/Shared/Documents/Projects/ePenguin/ePenguin-Software-Framework/toolchains/arm/bin/../lib/gcc/arm-none-eabi/6.3.1/../../../../arm-none-eabi/lib/thumb/libc_nano.a(lib_a-exit.o)
 .text.exit     0x0000000000000000       0x30 /storage/Shared/Documents/Projects/ePenguin/ePenguin-Software-Framework/toolchains/arm/bin/../lib/gcc/arm-none-eabi/6.3.1/../../../../arm-none-eabi/lib/thumb/libc_nano.a(lib_a-exit.o)
 .debug_frame   0x0000000000000000       0x28 /storage/Shared/Documents/Projects/ePenguin/ePenguin-Software-Framework/toolchains/arm/bin/../lib/gcc/arm-none-eabi/6.3.1/../../../../arm-none-eabi/lib/thumb/libc_nano.a(lib_a-exit.o)
 .ARM.attributes
                0x0000000000000000       0x30 /storage/Shared/Documents/Projects/ePenguin/ePenguin-Software-Framework/toolchains/arm/bin/../lib/gcc/arm-none-eabi/6.3.1/../../../../arm-none-eabi/lib/thumb/libc_nano.a(lib_a-exit.o)
 .text          0x0000000000000000        0x0 /storage/Shared/Documents/Projects/ePenguin/ePenguin-Software-Framework/toolchains/arm/bin/../lib/gcc/arm-none-eabi/6.3.1/../../../../arm-none-eabi/lib/thumb/libc_nano.a(lib_a-impure.o)
 .data          0x0000000000000000        0x0 /storage/Shared/Documents/Projects/ePenguin/ePenguin-Software-Framework/toolchains/arm/bin/../lib/gcc/arm-none-eabi/6.3.1/../../../../arm-none-eabi/lib/thumb/libc_nano.a(lib_a-impure.o)
 .bss           0x0000000000000000        0x0 /storage/Shared/Documents/Projects/ePenguin/ePenguin-Software-Framework/toolchains/arm/bin/../lib/gcc/arm-none-eabi/6.3.1/../../../../arm-none-eabi/lib/thumb/libc_nano.a(lib_a-impure.o)
 .data._impure_ptr
                0x0000000000000000        0x4 /storage/Shared/Documents/Projects/ePenguin/ePenguin-Software-Framework/toolchains/arm/bin/../lib/gcc/arm-none-eabi/6.3.1/../../../../arm-none-eabi/lib/thumb/libc_nano.a(lib_a-impure.o)
 .data.impure_data
                0x0000000000000000       0x60 /storage/Shared/Documents/Projects/ePenguin/ePenguin-Software-Framework/toolchains/arm/bin/../lib/gcc/arm-none-eabi/6.3.1/../../../../arm-none-eabi/lib/thumb/libc_nano.a(lib_a-impure.o)
 .rodata._global_impure_ptr
                0x0000000000000000        0x4 /storage/Shared/Documents/Projects/ePenguin/ePenguin-Software-Framework/toolchains/arm/bin/../lib/gcc/arm-none-eabi/6.3.1/../../../../arm-none-eabi/lib/thumb/libc_nano.a(lib_a-impure.o)
 .ARM.attributes
                0x0000000000000000       0x30 /storage/Shared/Documents/Projects/ePenguin/ePenguin-Software-Framework/toolchains/arm/bin/../lib/gcc/arm-none-eabi/6.3.1/../../../../arm-none-eabi/lib/thumb/libc_nano.a(lib_a-impure.o)
 .text          0x0000000000000000        0x0 /storage/Shared/Documents/Projects/ePenguin/ePenguin-Software-Framework/toolchains/arm/bin/../lib/gcc/arm-none-eabi/6.3.1/../../../../arm-none-eabi/lib/thumb/libc_nano.a(lib_a-init.o)
 .data          0x0000000000000000        0x0 /storage/Shared/Documents/Projects/ePenguin/ePenguin-Software-Framework/toolchains/arm/bin/../lib/gcc/arm-none-eabi/6.3.1/../../../../arm-none-eabi/lib/thumb/libc_nano.a(lib_a-init.o)
 .bss           0x0000000000000000        0x0 /storage/Shared/Documents/Projects/ePenguin/ePenguin-Software-Framework/toolchains/arm/bin/../lib/gcc/arm-none-eabi/6.3.1/../../../../arm-none-eabi/lib/thumb/libc_nano.a(lib_a-init.o)
 .text          0x0000000000000000        0x0 /storage/Shared/Documents/Projects/ePenguin/ePenguin-Software-Framework/toolchains/arm/bin/../lib/gcc/arm-none-eabi/6.3.1/../../../../arm-none-eabi/lib/thumb/libc_nano.a(lib_a-memset.o)
 .data          0x0000000000000000        0x0 /storage/Shared/Documents/Projects/ePenguin/ePenguin-Software-Framework/toolchains/arm/bin/../lib/gcc/arm-none-eabi/6.3.1/../../../../arm-none-eabi/lib/thumb/libc_nano.a(lib_a-memset.o)
 .bss           0x0000000000000000        0x0 /storage/Shared/Documents/Projects/ePenguin/ePenguin-Software-Framework/toolchains/arm/bin/../lib/gcc/arm-none-eabi/6.3.1/../../../../arm-none-eabi/lib/thumb/libc_nano.a(lib_a-memset.o)
 .text.memset   0x0000000000000000       0x10 /storage/Shared/Documents/Projects/ePenguin/ePenguin-Software-Framework/toolchains/arm/bin/../lib/gcc/arm-none-eabi/6.3.1/../../../../arm-none-eabi/lib/thumb/libc_nano.a(lib_a-memset.o)
 .debug_frame   0x0000000000000000       0x20 /storage/Shared/Documents/Projects/ePenguin/ePenguin-Software-Framework/toolchains/arm/bin/../lib/gcc/arm-none-eabi/6.3.1/../../../../arm-none-eabi/lib/thumb/libc_nano.a(lib_a-memset.o)
 .ARM.attributes
                0x0000000000000000       0x30 /storage/Shared/Documents/Projects/ePenguin/ePenguin-Software-Framework/toolchains/arm/bin/../lib/gcc/arm-none-eabi/6.3.1/../../../../arm-none-eabi/lib/thumb/libc_nano.a(lib_a-memset.o)
 .text          0x0000000000000000        0x0 /storage/Shared/Documents/Projects/ePenguin/ePenguin-Software-Framework/toolchains/arm/bin/../lib/gcc/arm-none-eabi/6.3.1/thumb/crtend.o
 .data          0x0000000000000000        0x0 /storage/Shared/Documents/Projects/ePenguin/ePenguin-Software-Framework/toolchains/arm/bin/../lib/gcc/arm-none-eabi/6.3.1/thumb/crtend.o
 .bss           0x0000000000000000        0x0 /storage/Shared/Documents/Projects/ePenguin/ePenguin-Software-Framework/toolchains/arm/bin/../lib/gcc/arm-none-eabi/6.3.1/thumb/crtend.o
 .eh_frame      0x0000000000000000        0x4 /storage/Shared/Documents/Projects/ePenguin/ePenguin-Software-Framework/toolchains/arm/bin/../lib/gcc/arm-none-eabi/6.3.1/thumb/crtend.o
 .jcr           0x0000000000000000        0x4 /storage/Shared/Documents/Projects/ePenguin/ePenguin-Software-Framework/toolchains/arm/bin/../lib/gcc/arm-none-eabi/6.3.1/thumb/crtend.o
 .ARM.attributes
                0x0000000000000000       0x30 /storage/Shared/Documents/Projects/ePenguin/ePenguin-Software-Framework/toolchains/arm/bin/../lib/gcc/arm-none-eabi/6.3.1/thumb/crtend.o
 .text          0x0000000000000000        0x0 /storage/Shared/Documents/Projects/ePenguin/ePenguin-Software-Framework/toolchains/arm/bin/../lib/gcc/arm-none-eabi/6.3.1/thumb/crtn.o
 .data          0x0000000000000000        0x0 /storage/Shared/Documents/Projects/ePenguin/ePenguin-Software-Framework/toolchains/arm/bin/../lib/gcc/arm-none-eabi/6.3.1/thumb/crtn.o
 .bss           0x0000000000000000        0x0 /storage/Shared/Documents/Projects/ePenguin/ePenguin-Software-Framework/toolchains/arm/bin/../lib/gcc/arm-none-eabi/6.3.1/thumb/crtn.o

Memory Configuration

Name             Origin             Length             Attributes
rom              0x0000000000000000 0x0000000000040000 xr
ram              0x0000000020000000 0x0000000000008000 xrw
*default*        0x0000000000000000 0xffffffffffffffff

Linker script and memory map

LOAD /storage/Shared/Documents/Projects/ePenguin/ePenguin-Software-Framework/toolchains/arm/bin/../lib/gcc/arm-none-eabi/6.3.1/thumb/crti.o
LOAD /storage/Shared/Documents/Projects/ePenguin/ePenguin-Software-Framework/toolchains/arm/bin/../lib/gcc/arm-none-eabi/6.3.1/thumb/crtbegin.o
LOAD /storage/Shared/Documents/Projects/ePenguin/ePenguin-Software-Framework/toolchains/arm/bin/../lib/gcc/arm-none-eabi/6.3.1/../../../../arm-none-eabi/lib/thumb/crt0.o
LOAD ESF/mcu/src/startup_samd21j18a.o
LOAD ESF/mcu/src/system_samd21j18a.o
LOAD src/main.o
START GROUP
LOAD /storage/Shared/Documents/Projects/ePenguin/ePenguin-Software-Framework/toolchains/arm/bin/../lib/gcc/arm-none-eabi/6.3.1/../../../../arm-none-eabi/lib/thumb/libm.a
END GROUP
START GROUP
LOAD /storage/Shared/Documents/Projects/ePenguin/ePenguin-Software-Framework/toolchains/arm/bin/../lib/gcc/arm-none-eabi/6.3.1/thumb/libgcc.a
LOAD /storage/Shared/Documents/Projects/ePenguin/ePenguin-Software-Framework/toolchains/arm/bin/../lib/gcc/arm-none-eabi/6.3.1/../../../../arm-none-eabi/lib/thumb/libc_nano.a
END GROUP
START GROUP
LOAD /storage/Shared/Documents/Projects/ePenguin/ePenguin-Software-Framework/toolchains/arm/bin/../lib/gcc/arm-none-eabi/6.3.1/thumb/libgcc.a
LOAD /storage/Shared/Documents/Projects/ePenguin/ePenguin-Software-Framework/toolchains/arm/bin/../lib/gcc/arm-none-eabi/6.3.1/../../../../arm-none-eabi/lib/thumb/libc_nano.a
END GROUP
LOAD /storage/Shared/Documents/Projects/ePenguin/ePenguin-Software-Framework/toolchains/arm/bin/../lib/gcc/arm-none-eabi/6.3.1/thumb/crtend.o
LOAD /storage/Shared/Documents/Projects/ePenguin/ePenguin-Software-Framework/toolchains/arm/bin/../lib/gcc/arm-none-eabi/6.3.1/thumb/crtn.o
                0x0000000000002000                STACK_SIZE = DEFINED (STACK_SIZE)?STACK_SIZE:DEFINED (__stack_size__)?__stack_size__:0x2000

.text           0x0000000000000000      0x23c
                0x0000000000000000                . = ALIGN (0x4)
                0x0000000000000000                _sfixed = .
 *(.vectors .vectors.*)
 .vectors       0x0000000000000000       0xb0 ESF/mcu/src/startup_samd21j18a.o
                0x0000000000000000                exception_table
 *(.text .text.* .gnu.linkonce.t.*)
 .text          0x00000000000000b0       0x70 /storage/Shared/Documents/Projects/ePenguin/ePenguin-Software-Framework/toolchains/arm/bin/../lib/gcc/arm-none-eabi/6.3.1/thumb/crtbegin.o
 .text          0x0000000000000120       0x5c ESF/mcu/src/startup_samd21j18a.o
                0x0000000000000120                SVCall_Handler
                0x0000000000000120                DMAC_Handler
                0x0000000000000120                HardFault_Handler
                0x0000000000000120                AC_Handler
                0x0000000000000120                SysTick_Handler
                0x0000000000000120                PendSV_Handler
                0x0000000000000120                TC7_Handler
                0x0000000000000120                SERCOM1_Handler
                0x0000000000000120                ADC_Handler
                0x0000000000000120                NonMaskableInt_Handler
                0x0000000000000120                TCC1_Handler
                0x0000000000000120                SERCOM2_Handler
                0x0000000000000120                TCC0_Handler
                0x0000000000000120                RTC_Handler
                0x0000000000000120                EIC_Handler
                0x0000000000000120                TC6_Handler
                0x0000000000000120                WDT_Handler
                0x0000000000000120                TC4_Handler
                0x0000000000000120                USB_Handler
                0x0000000000000120                TC3_Handler
                0x0000000000000120                Dummy_Handler
                0x0000000000000120                PM_Handler
                0x0000000000000120                SERCOM5_Handler
                0x0000000000000120                TCC2_Handler
                0x0000000000000120                EVSYS_Handler
                0x0000000000000120                SERCOM3_Handler
                0x0000000000000120                SERCOM4_Handler
                0x0000000000000120                I2S_Handler
                0x0000000000000120                NVMCTRL_Handler
                0x0000000000000120                SERCOM0_Handler
                0x0000000000000120                DAC_Handler
                0x0000000000000120                PTC_Handler
                0x0000000000000120                TC5_Handler
                0x0000000000000120                SYSCTRL_Handler
                0x0000000000000122                Reset_Handler
 .text.startup  0x000000000000017c       0x4c src/main.o
                0x000000000000017c                main
 .text.__libc_init_array
                0x00000000000001c8       0x54 /storage/Shared/Documents/Projects/ePenguin/ePenguin-Software-Framework/toolchains/arm/bin/../lib/gcc/arm-none-eabi/6.3.1/../../../../arm-none-eabi/lib/thumb/libc_nano.a(lib_a-init.o)
                0x00000000000001c8                __libc_init_array
 *(.glue_7t)
 .glue_7t       0x000000000000021c        0x0 linker stubs
 *(.glue_7)
 .glue_7        0x000000000000021c        0x0 linker stubs
 *(.rodata .rodata* .gnu.linkonce.r.*)
 *(.ARM.extab* .gnu.linkonce.armextab.*)
                0x000000000000021c                . = ALIGN (0x4)
 *(.init)
 .init          0x000000000000021c        0x4 /storage/Shared/Documents/Projects/ePenguin/ePenguin-Software-Framework/toolchains/arm/bin/../lib/gcc/arm-none-eabi/6.3.1/thumb/crti.o
                0x000000000000021c                _init
 .init          0x0000000000000220        0x8 /storage/Shared/Documents/Projects/ePenguin/ePenguin-Software-Framework/toolchains/arm/bin/../lib/gcc/arm-none-eabi/6.3.1/thumb/crtn.o
                0x0000000000000228                . = ALIGN (0x4)
                0x0000000000000228                __preinit_array_start = .
 *(.preinit_array)
                0x0000000000000228                __preinit_array_end = .
                0x0000000000000228                . = ALIGN (0x4)
                0x0000000000000228                __init_array_start = .
 *(SORT(.init_array.*))
 *(.init_array)
 .init_array    0x0000000000000228        0x4 /storage/Shared/Documents/Projects/ePenguin/ePenguin-Software-Framework/toolchains/arm/bin/../lib/gcc/arm-none-eabi/6.3.1/thumb/crtbegin.o
                0x000000000000022c                __init_array_end = .
                0x000000000000022c                . = ALIGN (0x4)
 *crtbegin.o(.ctors)
 *(EXCLUDE_FILE(*crtend.o) .ctors)
 *(SORT(.ctors.*))
 *crtend.o(.ctors)
                0x000000000000022c                . = ALIGN (0x4)
 *(.fini)
 .fini          0x000000000000022c        0x4 /storage/Shared/Documents/Projects/ePenguin/ePenguin-Software-Framework/toolchains/arm/bin/../lib/gcc/arm-none-eabi/6.3.1/thumb/crti.o
                0x000000000000022c                _fini
 .fini          0x0000000000000230        0x8 /storage/Shared/Documents/Projects/ePenguin/ePenguin-Software-Framework/toolchains/arm/bin/../lib/gcc/arm-none-eabi/6.3.1/thumb/crtn.o
                0x0000000000000238                . = ALIGN (0x4)
                0x0000000000000238                __fini_array_start = .
 *(.fini_array)
 .fini_array    0x0000000000000238        0x4 /storage/Shared/Documents/Projects/ePenguin/ePenguin-Software-Framework/toolchains/arm/bin/../lib/gcc/arm-none-eabi/6.3.1/thumb/crtbegin.o
 *(SORT(.fini_array.*))
                0x000000000000023c                __fini_array_end = .
 *crtbegin.o(.dtors)
 *(EXCLUDE_FILE(*crtend.o) .dtors)
 *(SORT(.dtors.*))
 *crtend.o(.dtors)
                0x000000000000023c                . = ALIGN (0x4)
                0x000000000000023c                _efixed = .
                [!provide]                        PROVIDE (__exidx_start, .)

.vfp11_veneer   0x000000000000023c        0x0
 .vfp11_veneer  0x000000000000023c        0x0 linker stubs

.v4_bx          0x000000000000023c        0x0
 .v4_bx         0x000000000000023c        0x0 linker stubs

.iplt           0x000000000000023c        0x0
 .iplt          0x000000000000023c        0x0 /storage/Shared/Documents/Projects/ePenguin/ePenguin-Software-Framework/toolchains/arm/bin/../lib/gcc/arm-none-eabi/6.3.1/thumb/crtbegin.o

.eh_frame       0x000000000000023c        0x0
 .eh_frame      0x000000000000023c        0x0 /storage/Shared/Documents/Projects/ePenguin/ePenguin-Software-Framework/toolchains/arm/bin/../lib/gcc/arm-none-eabi/6.3.1/thumb/crtbegin.o

.rel.dyn        0x000000000000023c        0x0
 .rel.iplt      0x000000000000023c        0x0 /storage/Shared/Documents/Projects/ePenguin/ePenguin-Software-Framework/toolchains/arm/bin/../lib/gcc/arm-none-eabi/6.3.1/thumb/crtbegin.o

.jcr            0x000000000000023c        0x0
 .jcr           0x000000000000023c        0x0 /storage/Shared/Documents/Projects/ePenguin/ePenguin-Software-Framework/toolchains/arm/bin/../lib/gcc/arm-none-eabi/6.3.1/thumb/crtbegin.o

.igot.plt       0x000000000000023c        0x0
 .igot.plt      0x000000000000023c        0x0 /storage/Shared/Documents/Projects/ePenguin/ePenguin-Software-Framework/toolchains/arm/bin/../lib/gcc/arm-none-eabi/6.3.1/thumb/crtbegin.o

.ARM.exidx
 *(.ARM.exidx* .gnu.linkonce.armexidx.*)
                [!provide]                        PROVIDE (__exidx_end, .)
                0x000000000000023c                . = ALIGN (0x4)
                0x000000000000023c                _etext = .

.relocate       0x0000000020000000        0x0 load address 0x000000000000023c
                0x0000000020000000                . = ALIGN (0x4)
                0x0000000020000000                _srelocate = .
 *(.ramfunc .ramfunc.*)
 *(.data .data.*)
                0x0000000020000000                . = ALIGN (0x4)
                0x0000000020000000                _erelocate = .

.bss            0x0000000020000000       0x1c
                0x0000000020000000                . = ALIGN (0x4)
                0x0000000020000000                _sbss = .
                0x0000000020000000                _szero = .
 *(.bss .bss.*)
 .bss           0x0000000020000000       0x1c /storage/Shared/Documents/Projects/ePenguin/ePenguin-Software-Framework/toolchains/arm/bin/../lib/gcc/arm-none-eabi/6.3.1/thumb/crtbegin.o
 *(COMMON)
                0x000000002000001c                . = ALIGN (0x4)
                0x000000002000001c                _ebss = .
                0x000000002000001c                _ezero = .

.stack          0x000000002000001c     0x2004
                0x0000000020000020                . = ALIGN (0x8)
 *fill*         0x000000002000001c        0x4 
                0x0000000020000020                _sstack = .
                0x0000000020002020                . = (. + STACK_SIZE)
 *fill*         0x0000000020000020     0x2000 
                0x0000000020002020                . = ALIGN (0x8)
                0x0000000020002020                _estack = .
                0x0000000020002020                . = ALIGN (0x4)
                0x0000000020002020                _end = .
OUTPUT(d21test.elf elf32-littlearm)

.ARM.attributes
                0x0000000000000000       0x2d
 .ARM.attributes
                0x0000000000000000       0x16 /storage/Shared/Documents/Projects/ePenguin/ePenguin-Software-Framework/toolchains/arm/bin/../lib/gcc/arm-none-eabi/6.3.1/thumb/crti.o
 .ARM.attributes
                0x0000000000000016       0x30 /storage/Shared/Documents/Projects/ePenguin/ePenguin-Software-Framework/toolchains/arm/bin/../lib/gcc/arm-none-eabi/6.3.1/thumb/crtbegin.o
 .ARM.attributes
                0x0000000000000046       0x32 ESF/mcu/src/startup_samd21j18a.o
 .ARM.attributes
                0x0000000000000078       0x32 src/main.o
 .ARM.attributes
                0x00000000000000aa       0x30 /storage/Shared/Documents/Projects/ePenguin/ePenguin-Software-Framework/toolchains/arm/bin/../lib/gcc/arm-none-eabi/6.3.1/../../../../arm-none-eabi/lib/thumb/libc_nano.a(lib_a-init.o)
 .ARM.attributes
                0x00000000000000da       0x16 /storage/Shared/Documents/Projects/ePenguin/ePenguin-Software-Framework/toolchains/arm/bin/../lib/gcc/arm-none-eabi/6.3.1/thumb/crtn.o

.comment        0x0000000000000000       0x59
 .comment       0x0000000000000000       0x59 ESF/mcu/src/startup_samd21j18a.o
                                         0x5a (size before relaxing)
 .comment       0x0000000000000059       0x5a src/main.o

.debug_info     0x0000000000000000      0x704
 .debug_info    0x0000000000000000      0x4df ESF/mcu/src/startup_samd21j18a.o
 .debug_info    0x00000000000004df      0x225 src/main.o

.debug_abbrev   0x0000000000000000      0x24d
 .debug_abbrev  0x0000000000000000      0x14d ESF/mcu/src/startup_samd21j18a.o
 .debug_abbrev  0x000000000000014d      0x100 src/main.o

.debug_loc      0x0000000000000000      0x177
 .debug_loc     0x0000000000000000       0x4b ESF/mcu/src/startup_samd21j18a.o
 .debug_loc     0x000000000000004b      0x12c src/main.o

.debug_aranges  0x0000000000000000       0x40
 .debug_aranges
                0x0000000000000000       0x20 ESF/mcu/src/startup_samd21j18a.o
 .debug_aranges
                0x0000000000000020       0x20 src/main.o

.debug_macro    0x0000000000000000    0x12994
 .debug_macro   0x0000000000000000      0x19d ESF/mcu/src/startup_samd21j18a.o
 .debug_macro   0x000000000000019d      0x8a4 ESF/mcu/src/startup_samd21j18a.o
 .debug_macro   0x0000000000000a41       0x1c ESF/mcu/src/startup_samd21j18a.o
 .debug_macro   0x0000000000000a5d       0x22 ESF/mcu/src/startup_samd21j18a.o
 .debug_macro   0x0000000000000a7f       0x87 ESF/mcu/src/startup_samd21j18a.o
 .debug_macro   0x0000000000000b06       0x51 ESF/mcu/src/startup_samd21j18a.o
 .debug_macro   0x0000000000000b57       0xef ESF/mcu/src/startup_samd21j18a.o
 .debug_macro   0x0000000000000c46       0x6a ESF/mcu/src/startup_samd21j18a.o
 .debug_macro   0x0000000000000cb0      0x1df ESF/mcu/src/startup_samd21j18a.o
 .debug_macro   0x0000000000000e8f       0x7f ESF/mcu/src/startup_samd21j18a.o
 .debug_macro   0x0000000000000f0e       0x1c ESF/mcu/src/startup_samd21j18a.o
 .debug_macro   0x0000000000000f2a       0x22 ESF/mcu/src/startup_samd21j18a.o
 .debug_macro   0x0000000000000f4c       0xb5 ESF/mcu/src/startup_samd21j18a.o
 .debug_macro   0x0000000000001001      0x3ad ESF/mcu/src/startup_samd21j18a.o
 .debug_macro   0x00000000000013ae      0x72b ESF/mcu/src/startup_samd21j18a.o
 .debug_macro   0x0000000000001ad9      0x946 ESF/mcu/src/startup_samd21j18a.o
 .debug_macro   0x000000000000241f      0x289 ESF/mcu/src/startup_samd21j18a.o
 .debug_macro   0x00000000000026a8      0xfb7 ESF/mcu/src/startup_samd21j18a.o
 .debug_macro   0x000000000000365f      0x52d ESF/mcu/src/startup_samd21j18a.o
 .debug_macro   0x0000000000003b8c      0xc48 ESF/mcu/src/startup_samd21j18a.o
 .debug_macro   0x00000000000047d4      0x957 ESF/mcu/src/startup_samd21j18a.o
 .debug_macro   0x000000000000512b      0x47c ESF/mcu/src/startup_samd21j18a.o
 .debug_macro   0x00000000000055a7       0x58 ESF/mcu/src/startup_samd21j18a.o
 .debug_macro   0x00000000000055ff      0xa6e ESF/mcu/src/startup_samd21j18a.o
 .debug_macro   0x000000000000606d      0x23e ESF/mcu/src/startup_samd21j18a.o
 .debug_macro   0x00000000000062ab      0x3fe ESF/mcu/src/startup_samd21j18a.o
 .debug_macro   0x00000000000066a9       0x52 ESF/mcu/src/startup_samd21j18a.o
 .debug_macro   0x00000000000066fb      0x80e ESF/mcu/src/startup_samd21j18a.o
 .debug_macro   0x0000000000006f09      0x3d8 ESF/mcu/src/startup_samd21j18a.o
 .debug_macro   0x00000000000072e1      0xe53 ESF/mcu/src/startup_samd21j18a.o
 .debug_macro   0x0000000000008134     0x2675 ESF/mcu/src/startup_samd21j18a.o
 .debug_macro   0x000000000000a7a9     0x10e2 ESF/mcu/src/startup_samd21j18a.o
 .debug_macro   0x000000000000b88b      0x793 ESF/mcu/src/startup_samd21j18a.o
 .debug_macro   0x000000000000c01e     0x20f6 ESF/mcu/src/startup_samd21j18a.o
 .debug_macro   0x000000000000e114     0x193f ESF/mcu/src/startup_samd21j18a.o
 .debug_macro   0x000000000000fa53      0x348 ESF/mcu/src/startup_samd21j18a.o
 .debug_macro   0x000000000000fd9b      0x30d ESF/mcu/src/startup_samd21j18a.o
 .debug_macro   0x00000000000100a8     0x232d ESF/mcu/src/startup_samd21j18a.o
 .debug_macro   0x00000000000123d5      0x3d8 ESF/mcu/src/startup_samd21j18a.o
 .debug_macro   0x00000000000127ad      0x1e7 src/main.o

.debug_line     0x0000000000000000      0x881
 .debug_line    0x0000000000000000      0x440 ESF/mcu/src/startup_samd21j18a.o
 .debug_line    0x0000000000000440      0x441 src/main.o

.debug_str      0x0000000000000000    0x938bb
 .debug_str     0x0000000000000000    0x937c2 ESF/mcu/src/startup_samd21j18a.o
                                      0x93bff (size before relaxing)
 .debug_str     0x00000000000937c2       0xf9 src/main.o
                                      0x93935 (size before relaxing)

.debug_frame    0x0000000000000000       0x88
 .debug_frame   0x0000000000000000       0x3c ESF/mcu/src/startup_samd21j18a.o
 .debug_frame   0x000000000000003c       0x20 src/main.o
 .debug_frame   0x000000000000005c       0x2c /storage/Shared/Documents/Projects/ePenguin/ePenguin-Software-Framework/toolchains/arm/bin/../lib/gcc/arm-none-eabi/6.3.1/../../../../arm-none-eabi/lib/thumb/libc_nano.a(lib_a-init.o)

.debug_ranges   0x0000000000000000       0x10
 .debug_ranges  0x0000000000000000       0x10 src/main.o
